Archive member included to satisfy reference by file (symbol)

/Applications/STM32CubeIDE.app/Contents/Eclipse/plugins/com.st.stm32cube.ide.mcu.externaltools.gnu-tools-for-stm32.13.3.rel1.macos64_1.0.0.202411102158/tools/bin/../lib/gcc/arm-none-eabi/13.3.1/../../../../arm-none-eabi/lib/thumb/v7e-m+fp/hard/libc_nano.a(libc_a-exit.o)
                              /Applications/STM32CubeIDE.app/Contents/Eclipse/plugins/com.st.stm32cube.ide.mcu.externaltools.gnu-tools-for-stm32.13.3.rel1.macos64_1.0.0.202411102158/tools/bin/../lib/gcc/arm-none-eabi/13.3.1/../../../../arm-none-eabi/lib/thumb/v7e-m+fp/hard/crt0.o (exit)
/Applications/STM32CubeIDE.app/Contents/Eclipse/plugins/com.st.stm32cube.ide.mcu.externaltools.gnu-tools-for-stm32.13.3.rel1.macos64_1.0.0.202411102158/tools/bin/../lib/gcc/arm-none-eabi/13.3.1/../../../../arm-none-eabi/lib/thumb/v7e-m+fp/hard/libc_nano.a(libc_a-findfp.o)
                              /Applications/STM32CubeIDE.app/Contents/Eclipse/plugins/com.st.stm32cube.ide.mcu.externaltools.gnu-tools-for-stm32.13.3.rel1.macos64_1.0.0.202411102158/tools/bin/../lib/gcc/arm-none-eabi/13.3.1/../../../../arm-none-eabi/lib/thumb/v7e-m+fp/hard/libc_nano.a(libc_a-exit.o) (__stdio_exit_handler)
/Applications/STM32CubeIDE.app/Contents/Eclipse/plugins/com.st.stm32cube.ide.mcu.externaltools.gnu-tools-for-stm32.13.3.rel1.macos64_1.0.0.202411102158/tools/bin/../lib/gcc/arm-none-eabi/13.3.1/../../../../arm-none-eabi/lib/thumb/v7e-m+fp/hard/libc_nano.a(libc_a-fwalk.o)
                              /Applications/STM32CubeIDE.app/Contents/Eclipse/plugins/com.st.stm32cube.ide.mcu.externaltools.gnu-tools-for-stm32.13.3.rel1.macos64_1.0.0.202411102158/tools/bin/../lib/gcc/arm-none-eabi/13.3.1/../../../../arm-none-eabi/lib/thumb/v7e-m+fp/hard/libc_nano.a(libc_a-findfp.o) (_fwalk_sglue)
/Applications/STM32CubeIDE.app/Contents/Eclipse/plugins/com.st.stm32cube.ide.mcu.externaltools.gnu-tools-for-stm32.13.3.rel1.macos64_1.0.0.202411102158/tools/bin/../lib/gcc/arm-none-eabi/13.3.1/../../../../arm-none-eabi/lib/thumb/v7e-m+fp/hard/libc_nano.a(libc_a-printf.o)
                              ./Core/Src/ApplicationCode.o (printf)
/Applications/STM32CubeIDE.app/Contents/Eclipse/plugins/com.st.stm32cube.ide.mcu.externaltools.gnu-tools-for-stm32.13.3.rel1.macos64_1.0.0.202411102158/tools/bin/../lib/gcc/arm-none-eabi/13.3.1/../../../../arm-none-eabi/lib/thumb/v7e-m+fp/hard/libc_nano.a(libc_a-puts.o)
                              ./Core/Src/ApplicationCode.o (puts)
/Applications/STM32CubeIDE.app/Contents/Eclipse/plugins/com.st.stm32cube.ide.mcu.externaltools.gnu-tools-for-stm32.13.3.rel1.macos64_1.0.0.202411102158/tools/bin/../lib/gcc/arm-none-eabi/13.3.1/../../../../arm-none-eabi/lib/thumb/v7e-m+fp/hard/libc_nano.a(libc_a-memset.o)
                              /Applications/STM32CubeIDE.app/Contents/Eclipse/plugins/com.st.stm32cube.ide.mcu.externaltools.gnu-tools-for-stm32.13.3.rel1.macos64_1.0.0.202411102158/tools/bin/../lib/gcc/arm-none-eabi/13.3.1/../../../../arm-none-eabi/lib/thumb/v7e-m+fp/hard/crt0.o (memset)
/Applications/STM32CubeIDE.app/Contents/Eclipse/plugins/com.st.stm32cube.ide.mcu.externaltools.gnu-tools-for-stm32.13.3.rel1.macos64_1.0.0.202411102158/tools/bin/../lib/gcc/arm-none-eabi/13.3.1/../../../../arm-none-eabi/lib/thumb/v7e-m+fp/hard/libc_nano.a(libc_a-errno.o)
                              ./Core/Src/syscalls.o (__errno)
/Applications/STM32CubeIDE.app/Contents/Eclipse/plugins/com.st.stm32cube.ide.mcu.externaltools.gnu-tools-for-stm32.13.3.rel1.macos64_1.0.0.202411102158/tools/bin/../lib/gcc/arm-none-eabi/13.3.1/../../../../arm-none-eabi/lib/thumb/v7e-m+fp/hard/libc_nano.a(libc_a-init.o)
                              /Applications/STM32CubeIDE.app/Contents/Eclipse/plugins/com.st.stm32cube.ide.mcu.externaltools.gnu-tools-for-stm32.13.3.rel1.macos64_1.0.0.202411102158/tools/bin/../lib/gcc/arm-none-eabi/13.3.1/../../../../arm-none-eabi/lib/thumb/v7e-m+fp/hard/crt0.o (__libc_init_array)
/Applications/STM32CubeIDE.app/Contents/Eclipse/plugins/com.st.stm32cube.ide.mcu.externaltools.gnu-tools-for-stm32.13.3.rel1.macos64_1.0.0.202411102158/tools/bin/../lib/gcc/arm-none-eabi/13.3.1/../../../../arm-none-eabi/lib/thumb/v7e-m+fp/hard/libc_nano.a(libc_a-lock.o)
                              /Applications/STM32CubeIDE.app/Contents/Eclipse/plugins/com.st.stm32cube.ide.mcu.externaltools.gnu-tools-for-stm32.13.3.rel1.macos64_1.0.0.202411102158/tools/bin/../lib/gcc/arm-none-eabi/13.3.1/../../../../arm-none-eabi/lib/thumb/v7e-m+fp/hard/libc_nano.a(libc_a-findfp.o) (__retarget_lock_init_recursive)
/Applications/STM32CubeIDE.app/Contents/Eclipse/plugins/com.st.stm32cube.ide.mcu.externaltools.gnu-tools-for-stm32.13.3.rel1.macos64_1.0.0.202411102158/tools/bin/../lib/gcc/arm-none-eabi/13.3.1/../../../../arm-none-eabi/lib/thumb/v7e-m+fp/hard/libc_nano.a(libc_a-impure.o)
[...]
Memory Configuration

Name             Origin             Length             Attributes
CCMRAM           0x10000000         0x00010000         xrw
RAM              0x20000000         0x00030000         xrw
FLASH            0x08000000         0x00200000         xr
*default*        0x00000000         0xffffffff

Linker script and memory map

LOAD /Applications/STM32CubeIDE.app/Contents/Eclipse/plugins/com.st.stm32cube.ide.mcu.externaltools.gnu-tools-for-stm32.13.3.rel1.macos64_1.0.0.202411102158/tools/bin/../lib/gcc/arm-none-eabi/13.3.1/thumb/v7e-m+fp/hard/crti.o
LOAD /Applications/STM32CubeIDE.app/Contents/Eclipse/plugins/com.st.stm32cube.ide.mcu.externaltools.gnu-tools-for-stm32.13.3.rel1.macos64_1.0.0.202411102158/tools/bin/../lib/gcc/arm-none-eabi/13.3.1/thumb/v7e-m+fp/hard/crtbegin.o
LOAD /Applications/STM32CubeIDE.app/Contents/Eclipse/plugins/com.st.stm32cube.ide.mcu.externaltools.gnu-tools-for-stm32.13.3.rel1.macos64_1.0.0.202411102158/tools/bin/../lib/gcc/arm-none-eabi/13.3.1/../../../../arm-none-eabi/lib/thumb/v7e-m+fp/hard/crt0.o
LOAD ./Core/Src/ApplicationCode.o
LOAD ./Core/Src/Button_Driver.o
LOAD ./Core/Src/Gyro_Driver.o
LOAD ./Core/Src/LCD_Driver.o
LOAD ./Core/Src/Screen1.o
LOAD ./Core/Src/Screen2.o
LOAD ./Core/Src/Screen3.o
LOAD ./Core/Src/SinglePlayerAI.o
LOAD ./Core/Src/fonts.o
LOAD ./Core/Src/ili9341.o
LOAD ./Core/Src/main.o
LOAD ./Core/Src/stm32f4xx_hal_msp.o
LOAD ./Core/Src/stm32f4xx_it.o
LOAD ./Core/Src/stmpe811.o
LOAD ./Core/Src/syscalls.o
LOAD ./Core/Src/sysmem.o
LOAD ./Core/Src/system_stm32f4xx.o
LOAD ./Core/Src/touch.o
LOAD ./Core/Startup/startup_stm32f429zitx.o
LOAD ./Drivers/STM32F4xx_HAL_Driver/Src/stm32f4xx_hal.o
LOAD ./Drivers/STM32F4xx_HAL_Driver/Src/stm32f4xx_hal_cortex.o
LOAD ./Drivers/STM32F4xx_HAL_Driver/Src/stm32f4xx_hal_dma.o
LOAD ./Drivers/STM32F4xx_HAL_Driver/Src/stm32f4xx_hal_dma_ex.o
LOAD ./Drivers/STM32F4xx_HAL_Driver/Src/stm32f4xx_hal_dsi.o
LOAD ./Drivers/STM32F4xx_HAL_Driver/Src/stm32f4xx_hal_exti.o
LOAD ./Drivers/STM32F4xx_HAL_Driver/Src/stm32f4xx_hal_flash.o
LOAD ./Drivers/STM32F4xx_HAL_Driver/Src/stm32f4xx_hal_flash_ex.o
LOAD ./Drivers/STM32F4xx_HAL_Driver/Src/stm32f4xx_hal_flash_ramfunc.o
LOAD ./Drivers/STM32F4xx_HAL_Driver/Src/stm32f4xx_hal_gpio.o
LOAD ./Drivers/STM32F4xx_HAL_Driver/Src/stm32f4xx_hal_i2c.o
LOAD ./Drivers/STM32F4xx_HAL_Driver/Src/stm32f4xx_hal_i2c_ex.o
LOAD ./Drivers/STM32F4xx_HAL_Driver/Src/stm32f4xx_hal_ltdc.o
LOAD ./Drivers/STM32F4xx_HAL_Driver/Src/stm32f4xx_hal_ltdc_ex.o
LOAD ./Drivers/STM32F4xx_HAL_Driver/Src/stm32f4xx_hal_pwr.o
LOAD ./Drivers/STM32F4xx_HAL_Driver/Src/stm32f4xx_hal_pwr_ex.o
LOAD ./Drivers/STM32F4xx_HAL_Driver/Src/stm32f4xx_hal_rcc.o
LOAD ./Drivers/STM32F4xx_HAL_Driver/Src/stm32f4xx_hal_rcc_ex.o
LOAD ./Drivers/STM32F4xx_HAL_Driver/Src/stm32f4xx_hal_rng.o
LOAD ./Drivers/STM32F4xx_HAL_Driver/Src/stm32f4xx_hal_spi.o
LOAD ./Drivers/STM32F4xx_HAL_Driver/Src/stm32f4xx_hal_tim.o
LOAD ./Drivers/STM32F4xx_HAL_Driver/Src/stm32f4xx_hal_tim_ex.o
START GROUP
LOAD /Applications/STM32CubeIDE.app/Contents/Eclipse/plugins/com.st.stm32cube.ide.mcu.externaltools.gnu-tools-for-stm32.13.3.rel1.macos64_1.0.0.202411102158/tools/bin/../lib/gcc/arm-none-eabi/13.3.1/../../../../arm-none-eabi/lib/thumb/v7e-m+fp/hard/libc_nano.a
LOAD /Applications/STM32CubeIDE.app/Contents/Eclipse/plugins/com.st.stm32cube.ide.mcu.externaltools.gnu-tools-for-stm32.13.3.rel1.macos64_1.0.0.202411102158/tools/bin/../lib/gcc/arm-none-eabi/13.3.1/../../../../arm-none-eabi/lib/thumb/v7e-m+fp/hard/libm.a
END GROUP
START GROUP
LOAD /Applications/STM32CubeIDE.app/Contents/Eclipse/plugins/com.st.stm32cube.ide.mcu.externaltools.gnu-tools-for-stm32.13.3.rel1.macos64_1.0.0.202411102158/tools/bin/../lib/gcc/arm-none-eabi/13.3.1/thumb/v7e-m+fp/hard/libgcc.a
LOAD /Applications/STM32CubeIDE.app/Contents/Eclipse/plugins/com.st.stm32cube.ide.mcu.externaltools.gnu-tools-for-stm32.13.3.rel1.macos64_1.0.0.202411102158/tools/bin/../lib/gcc/arm-none-eabi/13.3.1/../../../../arm-none-eabi/lib/thumb/v7e-m+fp/hard/libc_nano.a
END GROUP
START GROUP
LOAD /Applications/STM32CubeIDE.app/Contents/Eclipse/plugins/com.st.stm32cube.ide.mcu.externaltools.gnu-tools-for-stm32.13.3.rel1.macos64_1.0.0.202411102158/tools/bin/../lib/gcc/arm-none-eabi/13.3.1/thumb/v7e-m+fp/hard/libgcc.a
LOAD /Applications/STM32CubeIDE.app/Contents/Eclipse/plugins/com.st.stm32cube.ide.mcu.externaltools.gnu-tools-for-stm32.13.3.rel1.macos64_1.0.0.202411102158/tools/bin/../lib/gcc/arm-none-eabi/13.3.1/../../../../arm-none-eabi/lib/thumb/v7e-m+fp/hard/libc_nano.a
LOAD /Applications/STM32CubeIDE.app/Contents/Eclipse/plugins/com.st.stm32cube.ide.mcu.externaltools.gnu-tools-for-stm32.13.3.rel1.macos64_1.0.0.202411102158/tools/bin/../lib/gcc/arm-none-eabi/13.3.1/../../../../arm-none-eabi/lib/thumb/v7e-m+fp/hard/libnosys.a
END GROUP
START GROUP
LOAD /Applications/STM32CubeIDE.app/Contents/Eclipse/plugins/com.st.stm32cube.ide.mcu.externaltools.gnu-tools-for-stm32.13.3.rel1.macos64_1.0.0.202411102158/tools/bin/../lib/gcc/arm-none-eabi/13.3.1/thumb/v7e-m+fp/hard/libgcc.a
LOAD /Applications/STM32CubeIDE.app/Contents/Eclipse/plugins/com.st.stm32cube.ide.mcu.externaltools.gnu-tools-for-stm32.13.3.rel1.macos64_1.0.0.202411102158/tools/bin/../lib/gcc/arm-none-eabi/13.3.1/../../../../arm-none-eabi/lib/thumb/v7e-m+fp/hard/libc_nano.a
LOAD /Applications/STM32CubeIDE.app/Contents/Eclipse/plugins/com.st.stm32cube.ide.mcu.externaltools.gnu-tools-for-stm32.13.3.rel1.macos64_1.0.0.202411102158/tools/bin/../lib/gcc/arm-none-eabi/13.3.1/../../../../arm-none-eabi/lib/thumb/v7e-m+fp/hard/libnosys.a
END GROUP
LOAD /Applications/STM32CubeIDE.app/Contents/Eclipse/plugins/com.st.stm32cube.ide.mcu.externaltools.gnu-tools-for-stm32.13.3.rel1.macos64_1.0.0.202411102158/tools/bin/../lib/gcc/arm-none-eabi/13.3.1/thumb/v7e-m+fp/hard/crtend.o
LOAD /Applications/STM32CubeIDE.app/Contents/Eclipse/plugins/com.st.stm32cube.ide.mcu.externaltools.gnu-tools-for-stm32.13.3.rel1.macos64_1.0.0.202411102158/tools/bin/../lib/gcc/arm-none-eabi/13.3.1/thumb/v7e-m+fp/hard/crtn.o
                0x20030000                        _estack = (ORIGIN (RAM) + LENGTH (RAM))
                0x00000200                        _Min_Heap_Size = 0x200
                0x00000400                        _Min_Stack_Size = 0x400

.isr_vector     0x08000000      0x1ac
                0x08000000                        . = ALIGN (0x4)
 *(.isr_vector)
 .isr_vector    0x08000000      0x1ac ./Core/Startup/startup_stm32f429zitx.o
                0x08000000                g_pfnVectors
                0x080001ac                        . = ALIGN (0x4)

.text           0x080001b0     0x8298
                0x080001b0                        . = ALIGN (0x4)
 *(.text)
 .text          0x080001b0       0x40 /Applications/STM32CubeIDE.app/Contents/Eclipse/plugins/com.st.stm32cube.ide.mcu.externaltools.gnu-tools-for-stm32.13.3.rel1.macos64_1.0.0.202411102158/tools/bin/../lib/gcc/arm-none-eabi/13.3.1/thumb/v7e-m+fp/hard/crtbegin.o
 .text          0x080001f0      0x254 /Applications/STM32CubeIDE.app/Contents/Eclipse/plugins/com.st.stm32cube.ide.mcu.externaltools.gnu-tools-for-stm32.13.3.rel1.macos64_1.0.0.202411102158/tools/bin/../lib/gcc/arm-none-eabi/13.3.1/thumb/v7e-m+fp/hard/libgcc.a(_arm_muldf3.o)
                0x080001f0                __aeabi_dmul
                0x080001f0                __muldf3
 .text          0x08000444      0x378 /Applications/STM32CubeIDE.app/Contents/Eclipse/plugins/com.st.stm32cube.ide.mcu.externaltools.gnu-tools-for-stm32.13.3.rel1.macos64_1.0.0.202411102158/tools/bin/../lib/gcc/arm-none-eabi/13.3.1/thumb/v7e-m+fp/hard/libgcc.a(_arm_addsubdf3.o)
                0x08000444                __aeabi_drsub
                0x0800044c                __subdf3
                0x0800044c                __aeabi_dsub
                0x08000450                __aeabi_dadd
                0x08000450                __adddf3
                0x080006c8                __aeabi_ui2d
                0x080006c8                __floatunsidf
                0x080006e8                __floatsidf
                0x080006e8                __aeabi_i2d
                0x0800070c                __extendsfdf2
                0x0800070c                __aeabi_f2d
                0x08000750                __aeabi_ul2d
                0x08000750                __floatundidf
                0x08000760                __aeabi_l2d
                0x08000760                __floatdidf
 .text          0x080007bc       0x50 /Applications/STM32CubeIDE.app/Contents/Eclipse/plugins/com.st.stm32cube.ide.mcu.externaltools.gnu-tools-for-stm32.13.3.rel1.macos64_1.0.0.202411102158/tools/bin/../lib/gcc/arm-none-eabi/13.3.1/thumb/v7e-m+fp/hard/libgcc.a(_arm_fixdfsi.o)
                0x080007bc                __fixdfsi
                0x080007bc                __aeabi_d2iz
 .text          0x0800080c       0x30 /Applications/STM32CubeIDE.app/Contents/Eclipse/plugins/com.st.stm32cube.ide.mcu.externaltools.gnu-tools-for-stm32.13.3.rel1.macos64_1.0.0.202411102158/tools/bin/../lib/gcc/arm-none-eabi/13.3.1/thumb/v7e-m+fp/hard/libgcc.a(_aeabi_uldivmod.o)
                0x0800080c                __aeabi_uldivmod
 .text          0x0800083c      0x2f8 /Applications/STM32CubeIDE.app/Contents/Eclipse/plugins/com.st.stm32cube.ide.mcu.externaltools.gnu-tools-for-stm32.13.3.rel1.macos64_1.0.0.202411102158/tools/bin/../lib/gcc/arm-none-eabi/13.3.1/thumb/v7e-m+fp/hard/libgcc.a(_udivmoddi4.o)
                0x0800083c                __udivmoddi4
 .text          0x08000b34        0x4 /Applications/STM32CubeIDE.app/Contents/Eclipse/plugins/com.st.stm32cube.ide.mcu.externaltools.gnu-tools-for-stm32.13.3.rel1.macos64_1.0.0.202411102158/tools/bin/../lib/gcc/arm-none-eabi/13.3.1/thumb/v7e-m+fp/hard/libgcc.a(_dvmd_tls.o)
                0x08000b34                __aeabi_ldiv0
                0x08000b34                __aeabi_idiv0
 *(.text*)
 .text.applicationLevelGyroPower
                0x08000b38        0xc ./Core/Src/ApplicationCode.o
                0x08000b38                applicationLevelGyroPower
 .text.applicationLevelGyroInit
                0x08000b44        0xc ./Core/Src/ApplicationCode.o
                0x08000b44                applicationLevelGyroInit
 .text.applicationLevelButtonInterruptInit
                0x08000b50        0xc ./Core/Src/ApplicationCode.o
                0x08000b50                applicationLevelButtonInterruptInit
 .text.ApplicationInit
                0x08000b5c       0x30 ./Core/Src/ApplicationCode.o
                0x08000b5c                ApplicationInit
 .text.RunGame  0x08000b8c       0x94 ./Core/Src/ApplicationCode.o
                0x08000b8c                RunGame
 .text.CalculatePlayTime
                0x08000c20       0x34 ./Core/Src/ApplicationCode.o
                0x08000c20                CalculatePlayTime
 .text.EXTI0_IRQHandler
                0x08000c54        0xe ./Core/Src/ApplicationCode.o
                0x08000c54                EXTI0_IRQHandler
 .text.HAL_GPIO_EXTI_Callback
                0x08000c62       0x1c ./Core/Src/ApplicationCode.o
                0x08000c62                HAL_GPIO_EXTI_Callback
 *fill*         0x08000c7e        0x2 
 .text.__NVIC_EnableIRQ
                0x08000c80       0x3c ./Core/Src/Button_Driver.o
 .text.ButtonInitInterrupt
                0x08000cbc       0x60 ./Core/Src/Button_Driver.o
                0x08000cbc                ButtonInitInterrupt
 .text.GYRO_INIT
                0x08000d1c      0x10c ./Core/Src/Gyro_Driver.o
                0x08000d1c                GYRO_INIT
 .text.GRYO_POWER
                0x08000e28       0x68 ./Core/Src/Gyro_Driver.o
                0x08000e28                GRYO_POWER
 .text.GYRO_REGISTER_CONFIG
                0x08000e90       0x68 ./Core/Src/Gyro_Driver.o
                0x08000e90                GYRO_REGISTER_CONFIG
 .text.GYRO_REGISTER_READ
                0x08000ef8       0x78 ./Core/Src/Gyro_Driver.o
                0x08000ef8                GYRO_REGISTER_READ
 .text.GYRO_HAL_SPI_CHECK
                0x08000f70       0x28 ./Core/Src/Gyro_Driver.o
                0x08000f70                GYRO_HAL_SPI_CHECK
 .text.GYRO_MANUAL_SLAVE_ENABLE
                0x08000f98       0x18 ./Core/Src/Gyro_Driver.o
                0x08000f98                GYRO_MANUAL_SLAVE_ENABLE
 .text.GYRO_MANUAL_SLAVE_DISABLE
                0x08000fb0       0x18 ./Core/Src/Gyro_Driver.o
                0x08000fb0                GYRO_MANUAL_SLAVE_DISABLE
 .text.GetTurnedSide
                0x08000fc8      0x11c ./Core/Src/Gyro_Driver.o
                0x08000fc8                GetTurnedSide
 .text.DeactivateTurnFlag
                0x080010e4       0x18 ./Core/Src/Gyro_Driver.o
                0x080010e4                DeactivateTurnFlag
 .text.LCD_GPIO_Init
                0x080010fc      0x190 ./Core/Src/LCD_Driver.o
                0x080010fc                LCD_GPIO_Init
 .text.LTCD_Layer_Init
                0x0800128c       0x80 ./Core/Src/LCD_Driver.o
                0x0800128c                LTCD_Layer_Init
 .text.LTCD__Init
                0x0800130c       0xbc ./Core/Src/LCD_Driver.o
                0x0800130c                LTCD__Init
 .text.LCD_Draw_Pixel
                0x080013c8       0x3c ./Core/Src/LCD_Driver.o
                0x080013c8                LCD_Draw_Pixel
 .text.LCD_Draw_Circle_Fill
                0x08001404       0xa6 ./Core/Src/LCD_Driver.o
                0x08001404                LCD_Draw_Circle_Fill
 .text.LCD_Draw_Vertical_Line
                0x080014aa       0x4e ./Core/Src/LCD_Driver.o
                0x080014aa                LCD_Draw_Vertical_Line
 .text.LCD_Draw_Horizontal_Line
                0x080014f8       0x4e ./Core/Src/LCD_Driver.o
                0x080014f8                LCD_Draw_Horizontal_Line
 *fill*         0x08001546        0x2 
 .text.LCD_Clear
                0x08001548       0x44 ./Core/Src/LCD_Driver.o
                0x08001548                LCD_Clear
 .text.LCD_SetTextColor
                0x0800158c       0x20 ./Core/Src/LCD_Driver.o
                0x0800158c                LCD_SetTextColor
 .text.LCD_SetFont
                0x080015ac       0x20 ./Core/Src/LCD_Driver.o
                0x080015ac                LCD_SetFont
 .text.LCD_Draw_Char
                0x080015cc       0xdc ./Core/Src/LCD_Driver.o
                0x080015cc                LCD_Draw_Char
 .text.LCD_DisplayChar
                0x080016a8       0x44 ./Core/Src/LCD_Driver.o
                0x080016a8                LCD_DisplayChar
 .text.LCD_Error_Handler
                0x080016ec        0xc ./Core/Src/LCD_Driver.o
                0x080016ec                LCD_Error_Handler
 .text.InitializeLCDTouch
                0x080016f8       0x16 ./Core/Src/LCD_Driver.o
                0x080016f8                InitializeLCDTouch
 .text.RunScreen1
                0x0800170e       0x1c ./Core/Src/Screen1.o
                0x0800170e                RunScreen1
 *fill*         0x0800172a        0x2 
 .text.Display_Screen1
                0x0800172c      0x174 ./Core/Src/Screen1.o
                0x0800172c                Display_Screen1
 .text.Player_Selection
                0x080018a0       0x38 ./Core/Src/Screen1.o
                0x080018a0                Player_Selection
 .text.CheckTie
                0x080018d8       0x54 ./Core/Src/Screen2.o
                0x080018d8                CheckTie
 .text.DeactivateTurn
                0x0800192c       0x18 ./Core/Src/Screen2.o
                0x0800192c                DeactivateTurn
 .text.GetTurnActive
                0x08001944       0x18 ./Core/Src/Screen2.o
                0x08001944                GetTurnActive
 .text.InitilizeBoardGame
                0x0800195c       0x78 ./Core/Src/Screen2.o
                0x0800195c                InitilizeBoardGame
 .text.PlayGameAgainstAI
                0x080019d4       0x74 ./Core/Src/Screen2.o
                0x080019d4                PlayGameAgainstAI
 .text.MakeMoveGyro
                0x08001a48       0xd8 ./Core/Src/Screen2.o
                0x08001a48                MakeMoveGyro
 .text.RunScreen2
                0x08001b20       0x3a ./Core/Src/Screen2.o
                0x08001b20                RunScreen2
 .text.PlayGame
                0x08001b5a       0x5a ./Core/Src/Screen2.o
                0x08001b5a                PlayGame
 .text.DisplayGrid
                0x08001bb4       0xc2 ./Core/Src/Screen2.o
                0x08001bb4                DisplayGrid
 *fill*         0x08001c76        0x2 
 .text.DisplayCurrentBoardGrid
                0x08001c78       0xa0 ./Core/Src/Screen2.o
                0x08001c78                DisplayCurrentBoardGrid
 .text.DisplayPlayerOneCoinTurn
                0x08001d18       0x50 ./Core/Src/Screen2.o
                0x08001d18                DisplayPlayerOneCoinTurn
 .text.DisplayPlayerTwoCoinTurn
                0x08001d68       0x50 ./Core/Src/Screen2.o
                0x08001d68                DisplayPlayerTwoCoinTurn
 .text.DisplayPlayerOneCoinInBoard
                0x08001db8       0x44 ./Core/Src/Screen2.o
                0x08001db8                DisplayPlayerOneCoinInBoard
 .text.DisplayPlayerTwoCoinInBoard
                0x08001dfc       0x44 ./Core/Src/Screen2.o
                0x08001dfc                DisplayPlayerTwoCoinInBoard
 .text.CheckWinner
                0x08001e40       0x4e ./Core/Src/Screen2.o
                0x08001e40                CheckWinner
 *fill*         0x08001e8e        0x2 
 .text.CheckColumnWinner
                0x08001e90       0xbc ./Core/Src/Screen2.o
                0x08001e90                CheckColumnWinner
 .text.CheckRowWinner
                0x08001f4c       0xbc ./Core/Src/Screen2.o
                0x08001f4c                CheckRowWinner
 .text.CheckDiagonalWinner
                0x08002008      0x17c ./Core/Src/Screen2.o
                0x08002008                CheckDiagonalWinner
 .text.MakeMove
                0x08002184       0xec ./Core/Src/Screen2.o
                0x08002184                MakeMove
 .text.MakeMoveGameAI
                0x08002270       0x90 ./Core/Src/Screen2.o
                0x08002270                MakeMoveGameAI
 .text.ChangePlayer
                0x08002300       0x28 ./Core/Src/Screen2.o
                0x08002300                ChangePlayer
 .text.MoveCoinLeftPlayerOne
                0x08002328       0x28 ./Core/Src/Screen2.o
                0x08002328                MoveCoinLeftPlayerOne
 .text.MoveCoinRightPlayerOne
                0x08002350       0x28 ./Core/Src/Screen2.o
                0x08002350                MoveCoinRightPlayerOne
 .text.MoveCoinLeftPlayerTwo
                0x08002378       0x28 ./Core/Src/Screen2.o
                0x08002378                MoveCoinLeftPlayerTwo
 .text.MoveCoinRightPlayerTwo
                0x080023a0       0x28 ./Core/Src/Screen2.o
                0x080023a0                MoveCoinRightPlayerTwo
 .text.RemoveCurrentPlayerTurnCoin
                0x080023c8       0x4c ./Core/Src/Screen2.o
                0x080023c8                RemoveCurrentPlayerTurnCoin
 .text.RunScreen3
                0x08002414       0x22 ./Core/Src/Screen3.o
                0x08002414                RunScreen3
 .text.Reset_Selection
                0x08002436       0x24 ./Core/Src/Screen3.o
                0x08002436                Reset_Selection
 *fill*         0x0800245a        0x2 
 .text.DisplayScreen3
                0x0800245c      0x240 ./Core/Src/Screen3.o
                0x0800245c                DisplayScreen3
 .text.CheckWinnerSimulation
                0x0800269c       0x56 ./Core/Src/SinglePlayerAI.o
                0x0800269c                CheckWinnerSimulation
 .text.CheckColumnWinnerSimulation
                0x080026f2       0xc0 ./Core/Src/SinglePlayerAI.o
                0x080026f2                CheckColumnWinnerSimulation
 .text.CheckRowWinnerSimulation
                0x080027b2       0xc0 ./Core/Src/SinglePlayerAI.o
                0x080027b2                CheckRowWinnerSimulation
 .text.CheckDiagonalWinnerSimulation
                0x08002872      0x18a ./Core/Src/SinglePlayerAI.o
                0x08002872                CheckDiagonalWinnerSimulation
 .text.AIMove   0x080029fc       0xdc ./Core/Src/SinglePlayerAI.o
                0x080029fc                AIMove
 .text.FindEmptyRow
                0x08002ad8       0x4a ./Core/Src/SinglePlayerAI.o
                0x08002ad8                FindEmptyRow
 .text.CheckWinMove
                0x08002b22       0x7a ./Core/Src/SinglePlayerAI.o
                0x08002b22                CheckWinMove
 .text.CheckBlockMove
                0x08002b9c       0x7a ./Core/Src/SinglePlayerAI.o
                0x08002b9c                CheckBlockMove
 .text.CheckPlayer
                0x08002c16      0x230 ./Core/Src/SinglePlayerAI.o
                0x08002c16                CheckPlayer
 .text.CheckBoard
                0x08002e46       0x36 ./Core/Src/SinglePlayerAI.o
                0x08002e46                CheckBoard
 .text.ili9341_Init
                0x08002e7c      0x294 ./Core/Src/ili9341.o
                0x08002e7c                ili9341_Init
 .text.ili9341_Write_Reg
                0x08003110       0x1a ./Core/Src/ili9341.o
                0x08003110                ili9341_Write_Reg
 .text.ili9341_Send_Data
                0x0800312a       0x1a ./Core/Src/ili9341.o
                0x0800312a                ili9341_Send_Data
 .text.SPI_Init
                0x08003144       0x74 ./Core/Src/ili9341.o
 .text.SPI_Write
                0x080031b8       0x3c ./Core/Src/ili9341.o
 .text.SPI_Error
                0x080031f4       0x18 ./Core/Src/ili9341.o
 .text.SPI_MspInit
                0x0800320c       0x74 ./Core/Src/ili9341.o
 .text.LCD_IO_Init
                0x08003280       0xf0 ./Core/Src/ili9341.o
                0x08003280                LCD_IO_Init
 .text.LCD_IO_WriteData
                0x08003370       0x44 ./Core/Src/ili9341.o
                0x08003370                LCD_IO_WriteData
 .text.LCD_IO_WriteReg
                0x080033b4       0x44 ./Core/Src/ili9341.o
                0x080033b4                LCD_IO_WriteReg
 .text.LCD_Delay
                0x080033f8       0x16 ./Core/Src/ili9341.o
                0x080033f8                LCD_Delay
 .text.main     0x0800340e       0x60 ./Core/Src/main.o
                0x0800340e                main
 *fill*         0x0800346e        0x2 
 .text.SystemClock_Config
                0x08003470       0xd4 ./Core/Src/main.o
                0x08003470                SystemClock_Config
 .text.MX_I2C3_Init
                0x08003544       0x80 ./Core/Src/main.o
 .text.MX_LTDC_Init
                0x080035c4      0x164 ./Core/Src/main.o
 .text.MX_RNG_Init
                0x08003728       0x28 ./Core/Src/main.o
 .text.MX_SPI5_Init
                0x08003750       0x6c ./Core/Src/main.o
 .text.MX_TIM2_Init
                0x080037bc       0x98 ./Core/Src/main.o
 .text.MX_GPIO_Init
                0x08003854      0x35c ./Core/Src/main.o
 .text.Error_Handler
                0x08003bb0        0xc ./Core/Src/main.o
                0x08003bb0                Error_Handler
 .text.HAL_MspInit
                0x08003bbc       0x50 ./Core/Src/stm32f4xx_hal_msp.o
                0x08003bbc                HAL_MspInit
 .text.HAL_I2C_MspInit
                0x08003c0c       0xd4 ./Core/Src/stm32f4xx_hal_msp.o
                0x08003c0c                HAL_I2C_MspInit
 .text.HAL_LTDC_MspInit
                0x08003ce0      0x250 ./Core/Src/stm32f4xx_hal_msp.o
                0x08003ce0                HAL_LTDC_MspInit
 .text.HAL_RNG_MspInit
                0x08003f30       0x44 ./Core/Src/stm32f4xx_hal_msp.o
                0x08003f30                HAL_RNG_MspInit
 .text.HAL_SPI_MspInit
                0x08003f74       0x90 ./Core/Src/stm32f4xx_hal_msp.o
                0x08003f74                HAL_SPI_MspInit
 .text.HAL_SPI_MspDeInit
                0x08004004       0x3c ./Core/Src/stm32f4xx_hal_msp.o
                0x08004004                HAL_SPI_MspDeInit
 .text.HAL_TIM_Base_MspInit
                0x08004040       0x40 ./Core/Src/stm32f4xx_hal_msp.o
                0x08004040                HAL_TIM_Base_MspInit
 .text.NMI_Handler
                0x08004080        0x8 ./Core/Src/stm32f4xx_it.o
                0x08004080                NMI_Handler
 .text.HardFault_Handler
                0x08004088        0x8 ./Core/Src/stm32f4xx_it.o
                0x08004088                HardFault_Handler
 .text.MemManage_Handler
                0x08004090        0x8 ./Core/Src/stm32f4xx_it.o
                0x08004090                MemManage_Handler
 .text.BusFault_Handler
                0x08004098        0x8 ./Core/Src/stm32f4xx_it.o
                0x08004098                BusFault_Handler
 .text.UsageFault_Handler
                0x080040a0        0x8 ./Core/Src/stm32f4xx_it.o
                0x080040a0                UsageFault_Handler
 .text.SVC_Handler
                0x080040a8        0xe ./Core/Src/stm32f4xx_it.o
                0x080040a8                SVC_Handler
 .text.DebugMon_Handler
                0x080040b6        0xe ./Core/Src/stm32f4xx_it.o
                0x080040b6                DebugMon_Handler
 .text.PendSV_Handler
                0x080040c4        0xe ./Core/Src/stm32f4xx_it.o
                0x080040c4                PendSV_Handler
 .text.SysTick_Handler
                0x080040d2        0xc ./Core/Src/stm32f4xx_it.o
                0x080040d2                SysTick_Handler
 .text.STMPE811_Init
                0x080040de      0x14e ./Core/Src/stmpe811.o
                0x080040de                STMPE811_Init
 .text.STMPE811_Read
                0x0800422c       0x22 ./Core/Src/stmpe811.o
                0x0800422c                STMPE811_Read
 .text.STMPE811_ReadTouch
                0x0800424e      0x198 ./Core/Src/stmpe811.o
                0x0800424e                STMPE811_ReadTouch
 *fill*         0x080043e6        0x2 
 .text.verifyHAL_I2C_IS_OKAY
                0x080043e8       0x20 ./Core/Src/stmpe811.o
                0x080043e8                verifyHAL_I2C_IS_OKAY
 .text.I2C3_Init
                0x08004408       0x7c ./Core/Src/stmpe811.o
 .text.I2C3_MspInit
                0x08004484       0xa8 ./Core/Src/stmpe811.o
 .text.I2C3_Write
                0x0800452c       0x54 ./Core/Src/stmpe811.o
                0x0800452c                I2C3_Write
 .text.I2C3_Read
                0x08004580       0x4c ./Core/Src/stmpe811.o
                0x08004580                I2C3_Read
 .text.I2C3_MulitByteRead
                0x080045cc       0x44 ./Core/Src/stmpe811.o
                0x080045cc                I2C3_MulitByteRead
 .text.TM_STMPE811_ReadX
                0x08004610       0xc0 ./Core/Src/stmpe811.o
                0x08004610                TM_STMPE811_ReadX
 .text.TM_STMPE811_ReadY
                0x080046d0       0xa4 ./Core/Src/stmpe811.o
                0x080046d0                TM_STMPE811_ReadY
 .text.initialise_monitor_handles
                0x08004774        0xe ./Core/Src/syscalls.o
                0x08004774                initialise_monitor_handles
 *fill*         0x08004782        0x2 
 .text.SystemInit
                0x08004784       0x24 ./Core/Src/system_stm32f4xx.o
                0x08004784                SystemInit
 .text.GetTouchedSide
                0x080047a8       0x30 ./Core/Src/touch.o
                0x080047a8                GetTouchedSide
 .text.GetTouchedSideHorizontal
                0x080047d8       0x30 ./Core/Src/touch.o
                0x080047d8                GetTouchedSideHorizontal
 .text.Reset_Handler
                0x08004808       0x50 ./Core/Startup/startup_stm32f429zitx.o
                0x08004808                Reset_Handler
 .text.Default_Handler
                0x08004858        0x2 ./Core/Startup/startup_stm32f429zitx.o
                0x08004858                DMA1_Stream3_IRQHandler
                0x08004858                HASH_RNG_IRQHandler
                0x08004858                EXTI2_IRQHandler
                0x08004858                TIM8_CC_IRQHandler
                0x08004858                UART8_IRQHandler
                0x08004858                SPI4_IRQHandler
                0x08004858                TIM1_CC_IRQHandler
                0x08004858                DMA2_Stream5_IRQHandler
                0x08004858                DMA1_Stream5_IRQHandler
                0x08004858                PVD_IRQHandler
                0x08004858                SDIO_IRQHandler
                0x08004858                TAMP_STAMP_IRQHandler
                0x08004858                CAN2_RX1_IRQHandler
                0x08004858                EXTI3_IRQHandler
                0x08004858                TIM8_TRG_COM_TIM14_IRQHandler
                0x08004858                TIM1_UP_TIM10_IRQHandler
                0x08004858                TIM8_UP_TIM13_IRQHandler
                0x08004858                I2C3_ER_IRQHandler
                0x08004858                I2C2_EV_IRQHandler
                0x08004858                DMA1_Stream2_IRQHandler
                0x08004858                CAN1_RX0_IRQHandler
                0x08004858                FPU_IRQHandler
                0x08004858                OTG_HS_WKUP_IRQHandler
                0x08004858                LTDC_ER_IRQHandler
                0x08004858                CAN2_SCE_IRQHandler
                0x08004858                DMA2_Stream2_IRQHandler
                0x08004858                SPI1_IRQHandler
                0x08004858                TIM6_DAC_IRQHandler
                0x08004858                TIM1_BRK_TIM9_IRQHandler
                0x08004858                DCMI_IRQHandler
                0x08004858                CAN2_RX0_IRQHandler
                0x08004858                DMA2_Stream3_IRQHandler
                0x08004858                USART6_IRQHandler
                0x08004858                USART3_IRQHandler
                0x08004858                CAN1_RX1_IRQHandler
                0x08004858                UART5_IRQHandler
                0x08004858                DMA2_Stream0_IRQHandler
                0x08004858                TIM4_IRQHandler
                0x08004858                I2C1_EV_IRQHandler
                0x08004858                DMA1_Stream6_IRQHandler
                0x08004858                DMA1_Stream1_IRQHandler
                0x08004858                UART4_IRQHandler
                0x08004858                TIM3_IRQHandler
                0x08004858                RCC_IRQHandler
                0x08004858                TIM8_BRK_TIM12_IRQHandler
                0x08004858                Default_Handler
                0x08004858                EXTI15_10_IRQHandler
                0x08004858                ADC_IRQHandler
                0x08004858                DMA1_Stream7_IRQHandler
                0x08004858                SPI5_IRQHandler
                0x08004858                TIM7_IRQHandler
                0x08004858                CAN2_TX_IRQHandler
                0x08004858                TIM5_IRQHandler
                0x08004858                DMA2_Stream7_IRQHandler
                0x08004858                I2C3_EV_IRQHandler
                0x08004858                EXTI9_5_IRQHandler
                0x08004858                RTC_WKUP_IRQHandler
                0x08004858                LTDC_IRQHandler
                0x08004858                ETH_WKUP_IRQHandler
                0x08004858                SPI2_IRQHandler
                0x08004858                OTG_HS_EP1_IN_IRQHandler
                0x08004858                DMA1_Stream0_IRQHandler
                0x08004858                CAN1_TX_IRQHandler
                0x08004858                EXTI4_IRQHandler
                0x08004858                ETH_IRQHandler
                0x08004858                OTG_HS_EP1_OUT_IRQHandler
                0x08004858                WWDG_IRQHandler
                0x08004858                SPI6_IRQHandler
                0x08004858                TIM2_IRQHandler
                0x08004858                OTG_FS_WKUP_IRQHandler
                0x08004858                TIM1_TRG_COM_TIM11_IRQHandler
                0x08004858                OTG_HS_IRQHandler
                0x08004858                DMA2D_IRQHandler
                0x08004858                EXTI1_IRQHandler
                0x08004858                UART7_IRQHandler
                0x08004858                USART2_IRQHandler
                0x08004858                I2C2_ER_IRQHandler
                0x08004858                DMA2_Stream1_IRQHandler
                0x08004858                CAN1_SCE_IRQHandler
                0x08004858                FLASH_IRQHandler
                0x08004858                DMA2_Stream4_IRQHandler
                0x08004858                USART1_IRQHandler
                0x08004858                OTG_FS_IRQHandler
                0x08004858                SPI3_IRQHandler
                0x08004858                DMA1_Stream4_IRQHandler
                0x08004858                I2C1_ER_IRQHandler
                0x08004858                FMC_IRQHandler
                0x08004858                DMA2_Stream6_IRQHandler
                0x08004858                SAI1_IRQHandler
                0x08004858                RTC_Alarm_IRQHandler
 *fill*         0x0800485a        0x2 
 .text.HAL_Init
                0x0800485c       0x44 ./Drivers/STM32F4xx_HAL_Driver/Src/stm32f4xx_hal.o
                0x0800485c                HAL_Init
 .text.HAL_InitTick
                0x080048a0       0x60 ./Drivers/STM32F4xx_HAL_Driver/Src/stm32f4xx_hal.o
                0x080048a0                HAL_InitTick
 .text.HAL_IncTick
                0x08004900       0x28 ./Drivers/STM32F4xx_HAL_Driver/Src/stm32f4xx_hal.o
                0x08004900                HAL_IncTick
 .text.HAL_GetTick
                0x08004928       0x18 ./Drivers/STM32F4xx_HAL_Driver/Src/stm32f4xx_hal.o
                0x08004928                HAL_GetTick
 .text.HAL_Delay
                0x08004940       0x48 ./Drivers/STM32F4xx_HAL_Driver/Src/stm32f4xx_hal.o
                0x08004940                HAL_Delay
 .text.__NVIC_SetPriorityGrouping
                0x08004988       0x48 ./Drivers/STM32F4xx_HAL_Driver/Src/stm32f4xx_hal_cortex.o
 .text.__NVIC_GetPriorityGrouping
                0x080049d0       0x1c ./Drivers/STM32F4xx_HAL_Driver/Src/stm32f4xx_hal_cortex.o
 .text.__NVIC_EnableIRQ
                0x080049ec       0x3c ./Drivers/STM32F4xx_HAL_Driver/Src/stm32f4xx_hal_cortex.o
 .text.__NVIC_SetPriority
                0x08004a28       0x54 ./Drivers/STM32F4xx_HAL_Driver/Src/stm32f4xx_hal_cortex.o
 .text.NVIC_EncodePriority
                0x08004a7c       0x66 ./Drivers/STM32F4xx_HAL_Driver/Src/stm32f4xx_hal_cortex.o
 *fill*         0x08004ae2        0x2 
 .text.SysTick_Config
                0x08004ae4       0x44 ./Drivers/STM32F4xx_HAL_Driver/Src/stm32f4xx_hal_cortex.o
 .text.HAL_NVIC_SetPriorityGrouping
                0x08004b28       0x16 ./Drivers/STM32F4xx_HAL_Driver/Src/stm32f4xx_hal_cortex.o
                0x08004b28                HAL_NVIC_SetPriorityGrouping
 .text.HAL_NVIC_SetPriority
                0x08004b3e       0x38 ./Drivers/STM32F4xx_HAL_Driver/Src/stm32f4xx_hal_cortex.o
                0x08004b3e                HAL_NVIC_SetPriority
 .text.HAL_NVIC_EnableIRQ
                0x08004b76       0x1c ./Drivers/STM32F4xx_HAL_Driver/Src/stm32f4xx_hal_cortex.o
                0x08004b76                HAL_NVIC_EnableIRQ
 .text.HAL_SYSTICK_Config
                0x08004b92       0x18 ./Drivers/STM32F4xx_HAL_Driver/Src/stm32f4xx_hal_cortex.o
                0x08004b92                HAL_SYSTICK_Config
 *fill*         0x08004baa        0x2 
 .text.HAL_GPIO_Init
                0x08004bac      0x358 ./Drivers/STM32F4xx_HAL_Driver/Src/stm32f4xx_hal_gpio.o
                0x08004bac                HAL_GPIO_Init
 .text.HAL_GPIO_DeInit
                0x08004f04      0x218 ./Drivers/STM32F4xx_HAL_Driver/Src/stm32f4xx_hal_gpio.o
                0x08004f04                HAL_GPIO_DeInit
 .text.HAL_GPIO_ReadPin
                0x0800511c       0x30 ./Drivers/STM32F4xx_HAL_Driver/Src/stm32f4xx_hal_gpio.o
                0x0800511c                HAL_GPIO_ReadPin
 .text.HAL_GPIO_WritePin
                0x0800514c       0x32 ./Drivers/STM32F4xx_HAL_Driver/Src/stm32f4xx_hal_gpio.o
                0x0800514c                HAL_GPIO_WritePin
 *fill*         0x0800517e        0x2 
 .text.HAL_GPIO_EXTI_IRQHandler
                0x08005180       0x30 ./Drivers/STM32F4xx_HAL_Driver/Src/stm32f4xx_hal_gpio.o
                0x08005180                HAL_GPIO_EXTI_IRQHandler
 .text.HAL_I2C_Init
                0x080051b0      0x288 ./Drivers/STM32F4xx_HAL_Driver/Src/stm32f4xx_hal_i2c.o
                0x080051b0                HAL_I2C_Init
 .text.HAL_I2C_Mem_Write
                0x08005438      0x1f4 ./Drivers/STM32F4xx_HAL_Driver/Src/stm32f4xx_hal_i2c.o
                0x08005438                HAL_I2C_Mem_Write
 .text.HAL_I2C_Mem_Read
                0x0800562c      0x464 ./Drivers/STM32F4xx_HAL_Driver/Src/stm32f4xx_hal_i2c.o
                0x0800562c                HAL_I2C_Mem_Read
 .text.I2C_RequestMemoryWrite
                0x08005a90      0x12c ./Drivers/STM32F4xx_HAL_Driver/Src/stm32f4xx_hal_i2c.o
 .text.I2C_RequestMemoryRead
                0x08005bbc      0x1d0 ./Drivers/STM32F4xx_HAL_Driver/Src/stm32f4xx_hal_i2c.o
 .text.I2C_WaitOnFlagUntilTimeout
                0x08005d8c       0xf4 ./Drivers/STM32F4xx_HAL_Driver/Src/stm32f4xx_hal_i2c.o
 .text.I2C_WaitOnMasterAddressFlagUntilTimeout
                0x08005e80      0x140 ./Drivers/STM32F4xx_HAL_Driver/Src/stm32f4xx_hal_i2c.o
 .text.I2C_WaitOnTXEFlagUntilTimeout
                0x08005fc0       0x90 ./Drivers/STM32F4xx_HAL_Driver/Src/stm32f4xx_hal_i2c.o
 .text.I2C_WaitOnBTFFlagUntilTimeout
                0x08006050       0x90 ./Drivers/STM32F4xx_HAL_Driver/Src/stm32f4xx_hal_i2c.o
 .text.I2C_WaitOnRXNEFlagUntilTimeout
                0x080060e0       0xba ./Drivers/STM32F4xx_HAL_Driver/Src/stm32f4xx_hal_i2c.o
 .text.I2C_IsAcknowledgeFailed
                0x0800619a       0x5e ./Drivers/STM32F4xx_HAL_Driver/Src/stm32f4xx_hal_i2c.o
 .text.HAL_I2CEx_ConfigAnalogFilter
                0x080061f8       0x78 ./Drivers/STM32F4xx_HAL_Driver/Src/stm32f4xx_hal_i2c_ex.o
                0x080061f8                HAL_I2CEx_ConfigAnalogFilter
 .text.HAL_I2CEx_ConfigDigitalFilter
                0x08006270       0x7e ./Drivers/STM32F4xx_HAL_Driver/Src/stm32f4xx_hal_i2c_ex.o
                0x08006270                HAL_I2CEx_ConfigDigitalFilter
 *fill*         0x080062ee        0x2 
 .text.HAL_LTDC_Init
                0x080062f0      0x1a0 ./Drivers/STM32F4xx_HAL_Driver/Src/stm32f4xx_hal_ltdc.o
                0x080062f0                HAL_LTDC_Init
 .text.HAL_LTDC_ConfigLayer
                0x08006490       0x7c ./Drivers/STM32F4xx_HAL_Driver/Src/stm32f4xx_hal_ltdc.o
                0x08006490                HAL_LTDC_ConfigLayer
 .text.LTDC_SetConfig
                0x0800650c      0x32e ./Drivers/STM32F4xx_HAL_Driver/Src/stm32f4xx_hal_ltdc.o
 *fill*         0x0800683a        0x2 
 .text.HAL_RCC_OscConfig
                0x0800683c      0x4f0 ./Drivers/STM32F4xx_HAL_Driver/Src/stm32f4xx_hal_rcc.o
                0x0800683c                HAL_RCC_OscConfig
 .text.HAL_RCC_ClockConfig
                0x08006d2c      0x1cc ./Drivers/STM32F4xx_HAL_Driver/Src/stm32f4xx_hal_rcc.o
                0x08006d2c                HAL_RCC_ClockConfig
 .text.HAL_RCC_GetSysClockFreq
                0x08006ef8      0x20c ./Drivers/STM32F4xx_HAL_Driver/Src/stm32f4xx_hal_rcc.o
                0x08006ef8                HAL_RCC_GetSysClockFreq
 .text.HAL_RCC_GetHCLKFreq
                0x08007104       0x18 ./Drivers/STM32F4xx_HAL_Driver/Src/stm32f4xx_hal_rcc.o
                0x08007104                HAL_RCC_GetHCLKFreq
 .text.HAL_RCC_GetPCLK1Freq
                0x0800711c       0x28 ./Drivers/STM32F4xx_HAL_Driver/Src/stm32f4xx_hal_rcc.o
                0x0800711c                HAL_RCC_GetPCLK1Freq
 .text.HAL_RCCEx_PeriphCLKConfig
                0x08007144      0x380 ./Drivers/STM32F4xx_HAL_Driver/Src/stm32f4xx_hal_rcc_ex.o
                0x08007144                HAL_RCCEx_PeriphCLKConfig
 .text.HAL_RNG_Init
                0x080074c4       0x54 ./Drivers/STM32F4xx_HAL_Driver/Src/stm32f4xx_hal_rng.o
                0x080074c4                HAL_RNG_Init
 .text.HAL_SPI_Init
                0x08007518      0x112 ./Drivers/STM32F4xx_HAL_Driver/Src/stm32f4xx_hal_spi.o
                0x08007518                HAL_SPI_Init
 .text.HAL_SPI_DeInit
                0x0800762a       0x50 ./Drivers/STM32F4xx_HAL_Driver/Src/stm32f4xx_hal_spi.o
                0x0800762a                HAL_SPI_DeInit
 .text.HAL_SPI_Transmit
                0x0800767a      0x288 ./Drivers/STM32F4xx_HAL_Driver/Src/stm32f4xx_hal_spi.o
                0x0800767a                HAL_SPI_Transmit
 .text.HAL_SPI_TransmitReceive
                0x08007902      0x352 ./Drivers/STM32F4xx_HAL_Driver/Src/stm32f4xx_hal_spi.o
                0x08007902                HAL_SPI_TransmitReceive
 .text.HAL_SPI_GetState
                0x08007c54       0x1c ./Drivers/STM32F4xx_HAL_Driver/Src/stm32f4xx_hal_spi.o
                0x08007c54                HAL_SPI_GetState
 .text.SPI_WaitFlagStateUntilTimeout
                0x08007c70      0x110 ./Drivers/STM32F4xx_HAL_Driver/Src/stm32f4xx_hal_spi.o
 .text.SPI_EndRxTxTransaction
                0x08007d80       0xa8 ./Drivers/STM32F4xx_HAL_Driver/Src/stm32f4xx_hal_spi.o
 .text.HAL_TIM_Base_Init
                0x08007e28       0x9e ./Drivers/STM32F4xx_HAL_Driver/Src/stm32f4xx_hal_tim.o
                0x08007e28                HAL_TIM_Base_Init
 .text.HAL_TIM_ConfigClockSource
                0x08007ec6      0x18e ./Drivers/STM32F4xx_HAL_Driver/Src/stm32f4xx_hal_tim.o
                0x08007ec6                HAL_TIM_ConfigClockSource
 .text.TIM_Base_SetConfig
                0x08008054      0x158 ./Drivers/STM32F4xx_HAL_Driver/Src/stm32f4xx_hal_tim.o
                0x08008054                TIM_Base_SetConfig
 .text.TIM_TI1_ConfigInputStage
                0x080081ac       0x5e ./Drivers/STM32F4xx_HAL_Driver/Src/stm32f4xx_hal_tim.o
 .text.TIM_TI2_ConfigInputStage
                0x0800820a       0x60 ./Drivers/STM32F4xx_HAL_Driver/Src/stm32f4xx_hal_tim.o
 .text.TIM_ITRx_SetConfig
                0x0800826a       0x36 ./Drivers/STM32F4xx_HAL_Driver/Src/stm32f4xx_hal_tim.o
 .text.TIM_ETR_SetConfig
                0x080082a0       0x40 ./Drivers/STM32F4xx_HAL_Driver/Src/stm32f4xx_hal_tim.o
                0x080082a0                TIM_ETR_SetConfig
 .text.HAL_TIMEx_MasterConfigSynchronization
                0x080082e0       0xf8 ./Drivers/STM32F4xx_HAL_Driver/Src/stm32f4xx_hal_tim_ex.o
                0x080082e0                HAL_TIMEx_MasterConfigSynchronization
 .text.memset   0x080083d8       0x10 /Applications/STM32CubeIDE.app/Contents/Eclipse/plugins/com.st.stm32cube.ide.mcu.externaltools.gnu-tools-for-stm32.13.3.rel1.macos64_1.0.0.202411102158/tools/bin/../lib/gcc/arm-none-eabi/13.3.1/../../../../arm-none-eabi/lib/thumb/v7e-m+fp/hard/libc_nano.a(libc_a-memset.o)
                0x080083d8                memset
 .text.__libc_init_array
                0x080083e8       0x48 /Applications/STM32CubeIDE.app/Contents/Eclipse/plugins/com.st.stm32cube.ide.mcu.externaltools.gnu-tools-for-stm32.13.3.rel1.macos64_1.0.0.202411102158/tools/bin/../lib/gcc/arm-none-eabi/13.3.1/../../../../arm-none-eabi/lib/thumb/v7e-m+fp/hard/libc_nano.a(libc_a-init.o)
                0x080083e8                __libc_init_array
 *(.glue_7)
 .glue_7        0x08008430        0x0 linker stubs
 *(.glue_7t)
 .glue_7t       0x08008430        0x0 linker stubs
 *(.eh_frame)
 .eh_frame      0x08008430        0x0 /Applications/STM32CubeIDE.app/Contents/Eclipse/plugins/com.st.stm32cube.ide.mcu.externaltools.gnu-tools-for-stm32.13.3.rel1.macos64_1.0.0.202411102158/tools/bin/../lib/gcc/arm-none-eabi/13.3.1/thumb/v7e-m+fp/hard/crtbegin.o
 *(.init)
 .init          0x08008430        0x4 /Applications/STM32CubeIDE.app/Contents/Eclipse/plugins/com.st.stm32cube.ide.mcu.externaltools.gnu-tools-for-stm32.13.3.rel1.macos64_1.0.0.202411102158/tools/bin/../lib/gcc/arm-none-eabi/13.3.1/thumb/v7e-m+fp/hard/crti.o
                0x08008430                _init
 .init          0x08008434        0x8 /Applications/STM32CubeIDE.app/Contents/Eclipse/plugins/com.st.stm32cube.ide.mcu.externaltools.gnu-tools-for-stm32.13.3.rel1.macos64_1.0.0.202411102158/tools/bin/../lib/gcc/arm-none-eabi/13.3.1/thumb/v7e-m+fp/hard/crtn.o
 *(.fini)
 .fini          0x0800843c        0x4 /Applications/STM32CubeIDE.app/Contents/Eclipse/plugins/com.st.stm32cube.ide.mcu.externaltools.gnu-tools-for-stm32.13.3.rel1.macos64_1.0.0.202411102158/tools/bin/../lib/gcc/arm-none-eabi/13.3.1/thumb/v7e-m+fp/hard/crti.o
                0x0800843c                _fini
 .fini          0x08008440        0x8 /Applications/STM32CubeIDE.app/Contents/Eclipse/plugins/com.st.stm32cube.ide.mcu.externaltools.gnu-tools-for-stm32.13.3.rel1.macos64_1.0.0.202411102158/tools/bin/../lib/gcc/arm-none-eabi/13.3.1/thumb/v7e-m+fp/hard/crtn.o
                0x08008448                        . = ALIGN (0x4)
                0x08008448                        _etext = .

.vfp11_veneer   0x08008448        0x0
 .vfp11_veneer  0x08008448        0x0 linker stubs

.v4_bx          0x08008448        0x0
 .v4_bx         0x08008448        0x0 linker stubs

.iplt           0x08008448        0x0
 .iplt          0x08008448        0x0 /Applications/STM32CubeIDE.app/Contents/Eclipse/plugins/com.st.stm32cube.ide.mcu.externaltools.gnu-tools-for-stm32.13.3.rel1.macos64_1.0.0.202411102158/tools/bin/../lib/gcc/arm-none-eabi/13.3.1/thumb/v7e-m+fp/hard/crtbegin.o

.rodata         0x08008448     0x1238
                0x08008448                        . = ALIGN (0x4)
 *(.rodata)
 .rodata        0x08008448       0x1c ./Core/Src/SinglePlayerAI.o
 *(.rodata*)
 .rodata.ColumnCirclePosition
                0x08008464       0x1c ./Core/Src/Screen2.o
                0x08008464                ColumnCirclePosition
 .rodata.RowCirclePosition
                0x08008480       0x18 ./Core/Src/Screen2.o
                0x08008480                RowCirclePosition
 .rodata.ASCII16x24_Table
                0x08008498     0x11d0 ./Core/Src/fonts.o
                0x08008498                ASCII16x24_Table
 .rodata.AHBPrescTable
                0x08009668       0x10 ./Core/Src/system_stm32f4xx.o
                0x08009668                AHBPrescTable
 .rodata.APBPrescTable
                0x08009678        0x8 ./Core/Src/system_stm32f4xx.o
                0x08009678                APBPrescTable
                0x08009680                        . = ALIGN (0x4)

.ARM.extab      0x08009680        0x0
                0x08009680                        . = ALIGN (0x4)
 *(.ARM.extab* .gnu.linkonce.armextab.*)
                0x08009680                        . = ALIGN (0x4)

.ARM            0x08009680        0x8
                0x08009680                        . = ALIGN (0x4)
                0x08009680                        __exidx_start = .
 *(.ARM.exidx*)
 .ARM.exidx     0x08009680        0x8 /Applications/STM32CubeIDE.app/Contents/Eclipse/plugins/com.st.stm32cube.ide.mcu.externaltools.gnu-tools-for-stm32.13.3.rel1.macos64_1.0.0.202411102158/tools/bin/../lib/gcc/arm-none-eabi/13.3.1/thumb/v7e-m+fp/hard/libgcc.a(_udivmoddi4.o)
                0x08009688                        __exidx_end = .
                0x08009688                        . = ALIGN (0x4)

.preinit_array  0x08009688        0x0
                0x08009688                        . = ALIGN (0x4)
                0x08009688                        PROVIDE (__preinit_array_start = .)
 *(.preinit_array*)
                0x08009688                        PROVIDE (__preinit_array_end = .)
                0x08009688                        . = ALIGN (0x4)

.init_array     0x08009688        0x4
                0x08009688                        . = ALIGN (0x4)
                0x08009688                        PROVIDE (__init_array_start = .)
 *(SORT_BY_NAME(.init_array.*))
 *(.init_array*)
 .init_array    0x08009688        0x4 /Applications/STM32CubeIDE.app/Contents/Eclipse/plugins/com.st.stm32cube.ide.mcu.externaltools.gnu-tools-for-stm32.13.3.rel1.macos64_1.0.0.202411102158/tools/bin/../lib/gcc/arm-none-eabi/13.3.1/thumb/v7e-m+fp/hard/crtbegin.o
                0x0800968c                        PROVIDE (__init_array_end = .)
                0x0800968c                        . = ALIGN (0x4)

.fini_array     0x0800968c        0x4
                0x0800968c                        . = ALIGN (0x4)
                [!provide]                        PROVIDE (__fini_array_start = .)
 *(SORT_BY_NAME(.fini_array.*))
 *(.fini_array*)
 .fini_array    0x0800968c        0x4 /Applications/STM32CubeIDE.app/Contents/Eclipse/plugins/com.st.stm32cube.ide.mcu.externaltools.gnu-tools-for-stm32.13.3.rel1.macos64_1.0.0.202411102158/tools/bin/../lib/gcc/arm-none-eabi/13.3.1/thumb/v7e-m+fp/hard/crtbegin.o
                [!provide]                        PROVIDE (__fini_array_end = .)
                0x08009690                        . = ALIGN (0x4)
                0x08009690                        _sidata = LOADADDR (.data)

.rel.dyn        0x08009690        0x0
 .rel.iplt      0x08009690        0x0 /Applications/STM32CubeIDE.app/Contents/Eclipse/plugins/com.st.stm32cube.ide.mcu.externaltools.gnu-tools-for-stm32.13.3.rel1.macos64_1.0.0.202411102158/tools/bin/../lib/gcc/arm-none-eabi/13.3.1/thumb/v7e-m+fp/hard/crtbegin.o

.data           0x20000000       0x1c load address 0x08009690
                0x20000000                        . = ALIGN (0x4)
                0x20000000                        _sdata = .
 *(.data)
 *(.data*)
 .data.CurrentTextColor
                0x20000000        0x2 ./Core/Src/LCD_Driver.o
 *fill*         0x20000002        0x2 
 .data.Font16x24
                0x20000004        0x8 ./Core/Src/fonts.o
                0x20000004                Font16x24
 .data.SpiTimeout
                0x2000000c        0x4 ./Core/Src/ili9341.o
                0x2000000c                SpiTimeout
 .data.SystemCoreClock
                0x20000010        0x4 ./Core/Src/system_stm32f4xx.o
                0x20000010                SystemCoreClock
 .data.uwTickPrio
                0x20000014        0x4 ./Drivers/STM32F4xx_HAL_Driver/Src/stm32f4xx_hal.o
                0x20000014                uwTickPrio
 .data.uwTickFreq
                0x20000018        0x1 ./Drivers/STM32F4xx_HAL_Driver/Src/stm32f4xx_hal.o
                0x20000018                uwTickFreq
 *(.RamFunc)
 *(.RamFunc*)
                0x2000001c                        . = ALIGN (0x4)
 *fill*         0x20000019        0x3 
                0x2000001c                        _edata = .
                0x080096ac                        _siccmram = LOADADDR (.ccmram)

.igot.plt       0x2000001c        0x0 load address 0x080096ac
 .igot.plt      0x2000001c        0x0 /Applications/STM32CubeIDE.app/Contents/Eclipse/plugins/com.st.stm32cube.ide.mcu.externaltools.gnu-tools-for-stm32.13.3.rel1.macos64_1.0.0.202411102158/tools/bin/../lib/gcc/arm-none-eabi/13.3.1/thumb/v7e-m+fp/hard/crtbegin.o

.ccmram         0x10000000        0x0 load address 0x080096ac
                0x10000000                        . = ALIGN (0x4)
                0x10000000                        _sccmram = .
 *(.ccmram)
 *(.ccmram*)
                0x10000000                        . = ALIGN (0x4)
                0x10000000                        _eccmram = .
                0x10000000                        . = ALIGN (0x4)

.bss            0x2000001c    0x25c94
                0x2000001c                        _sbss = .
                0x2000001c                        __bss_start__ = _sbss
 *(.bss)
 .bss           0x2000001c       0x1c /Applications/STM32CubeIDE.app/Contents/Eclipse/plugins/com.st.stm32cube.ide.mcu.externaltools.gnu-tools-for-stm32.13.3.rel1.macos64_1.0.0.202411102158/tools/bin/../lib/gcc/arm-none-eabi/13.3.1/thumb/v7e-m+fp/hard/crtbegin.o
 *(.bss*)
 .bss.SinglePlayer
                0x20000038        0x1 ./Core/Src/ApplicationCode.o
 *fill*         0x20000039        0x3 
 .bss.WinsPlayerOne
                0x2000003c        0x4 ./Core/Src/ApplicationCode.o
 .bss.WinsPlayerTwo
                0x20000040        0x4 ./Core/Src/ApplicationCode.o
 .bss.StartTime
                0x20000044        0x4 ./Core/Src/ApplicationCode.o
 .bss.EndTime   0x20000048        0x4 ./Core/Src/ApplicationCode.o
 .bss.StaticTouchData
                0x2000004c        0x8 ./Core/Src/ApplicationCode.o
 .bss.gyroHALStatus
                0x20000054        0x1 ./Core/Src/Gyro_Driver.o
 *fill*         0x20000055        0x3 
 .bss.hspi5     0x20000058       0x58 ./Core/Src/Gyro_Driver.o
 .bss.TurnValue
                0x200000b0        0x2 ./Core/Src/Gyro_Driver.o
                0x200000b0                TurnValue
 *fill*         0x200000b2        0x2 
 .bss.ReturnTime
                0x200000b4        0x4 ./Core/Src/Gyro_Driver.o
                0x200000b4                ReturnTime
 .bss.TurnFlag  0x200000b8        0x4 ./Core/Src/Gyro_Driver.o
                0x200000b8                TurnFlag
 .bss.hltdc     0x200000bc       0xa8 ./Core/Src/LCD_Driver.o
 .bss.PeriphClkInitStruct
                0x20000164       0x30 ./Core/Src/LCD_Driver.o
 .bss.LCD_Currentfonts
                0x20000194        0x4 ./Core/Src/LCD_Driver.o
 .bss.frameBuffer
                0x20000198    0x25800 ./Core/Src/LCD_Driver.o
                0x20000198                frameBuffer
 .bss.BoardStatus
                0x20025998       0xa8 ./Core/Src/Screen2.o
                0x20025998                BoardStatus
 .bss.PlayerCoinPositionTurn
                0x20025a40        0x4 ./Core/Src/Screen2.o
 .bss.PlayerTurn
                0x20025a44        0x4 ./Core/Src/Screen2.o
 .bss.TurnActive
                0x20025a48        0x1 ./Core/Src/Screen2.o
                0x20025a48                TurnActive
 *fill*         0x20025a49        0x3 
 .bss.SpiHandle
                0x20025a4c       0x58 ./Core/Src/ili9341.o
 .bss.Is_LCD_IO_Initialized
                0x20025aa4        0x1 ./Core/Src/ili9341.o
 *fill*         0x20025aa5        0x3 
 .bss.hi2c3     0x20025aa8       0x54 ./Core/Src/main.o
                0x20025aa8                hi2c3
 .bss.hltdc     0x20025afc       0xa8 ./Core/Src/main.o
                0x20025afc                hltdc
 .bss.hrng      0x20025ba4       0x10 ./Core/Src/main.o
                0x20025ba4                hrng
 .bss.hspi5     0x20025bb4       0x58 ./Core/Src/main.o
                0x20025bb4                hspi5
 .bss.htim2     0x20025c0c       0x48 ./Core/Src/main.o
                0x20025c0c                htim2
 .bss.hI2C3     0x20025c54       0x54 ./Core/Src/stmpe811.o
 .bss.HAL_status
                0x20025ca8        0x1 ./Core/Src/stmpe811.o
 *fill*         0x20025ca9        0x3 
 .bss.uwTick    0x20025cac        0x4 ./Drivers/STM32F4xx_HAL_Driver/Src/stm32f4xx_hal.o
                0x20025cac                uwTick
 *(COMMON)
                0x20025cb0                        . = ALIGN (0x4)
                0x20025cb0                        _ebss = .
                0x20025cb0                        __bss_end__ = _ebss

._user_heap_stack
                0x20025cb0      0x600
                0x20025cb0                        . = ALIGN (0x8)
                [!provide]                        PROVIDE (end = .)
                0x20025cb0                        PROVIDE (_end = .)
                0x20025eb0                        . = (. + _Min_Heap_Size)
 *fill*         0x20025cb0      0x200 
                0x200262b0                        . = (. + _Min_Stack_Size)
 *fill*         0x20025eb0      0x400 
                0x200262b0                        . = ALIGN (0x8)

/DISCARD/
 libc.a(*)
 libm.a(*)
 libgcc.a(*)

.ARM.attributes
                0x00000000       0x30
 *(.ARM.attributes)
 .ARM.attributes
                0x00000000       0x22 /Applications/STM32CubeIDE.app/Contents/Eclipse/plugins/com.st.stm32cube.ide.mcu.externaltools.gnu-tools-for-stm32.13.3.rel1.macos64_1.0.0.202411102158/tools/bin/../lib/gcc/arm-none-eabi/13.3.1/thumb/v7e-m+fp/hard/crti.o
 .ARM.attributes
                0x00000022       0x34 /Applications/STM32CubeIDE.app/Contents/Eclipse/plugins/com.st.stm32cube.ide.mcu.externaltools.gnu-tools-for-stm32.13.3.rel1.macos64_1.0.0.202411102158/tools/bin/../lib/gcc/arm-none-eabi/13.3.1/thumb/v7e-m+fp/hard/crtbegin.o
 .ARM.attributes
                0x00000056       0x34 ./Core/Src/ApplicationCode.o
 .ARM.attributes
                0x0000008a       0x34 ./Core/Src/Button_Driver.o
 .ARM.attributes
                0x000000be       0x34 ./Core/Src/Gyro_Driver.o
 .ARM.attributes
                0x000000f2       0x34 ./Core/Src/LCD_Driver.o
 .ARM.attributes
                0x00000126       0x34 ./Core/Src/Screen1.o
 .ARM.attributes
                0x0000015a       0x34 ./Core/Src/Screen2.o
 .ARM.attributes
                0x0000018e       0x34 ./Core/Src/Screen3.o
 .ARM.attributes
                0x000001c2       0x34 ./Core/Src/SinglePlayerAI.o
 .ARM.attributes
                0x000001f6       0x34 ./Core/Src/fonts.o
 .ARM.attributes
                0x0000022a       0x34 ./Core/Src/ili9341.o
 .ARM.attributes
                0x0000025e       0x34 ./Core/Src/main.o
 .ARM.attributes
                0x00000292       0x34 ./Core/Src/stm32f4xx_hal_msp.o
 .ARM.attributes
                0x000002c6       0x34 ./Core/Src/stm32f4xx_it.o
 .ARM.attributes
                0x000002fa       0x34 ./Core/Src/stmpe811.o
 .ARM.attributes
                0x0000032e       0x34 ./Core/Src/syscalls.o
 .ARM.attributes
                0x00000362       0x34 ./Core/Src/system_stm32f4xx.o
 .ARM.attributes
                0x00000396       0x34 ./Core/Src/touch.o
 .ARM.attributes
                0x000003ca       0x21 ./Core/Startup/startup_stm32f429zitx.o
 .ARM.attributes
                0x000003eb       0x34 ./Drivers/STM32F4xx_HAL_Driver/Src/stm32f4xx_hal.o
 .ARM.attributes
                0x0000041f       0x34 ./Drivers/STM32F4xx_HAL_Driver/Src/stm32f4xx_hal_cortex.o
 .ARM.attributes
                0x00000453       0x34 ./Drivers/STM32F4xx_HAL_Driver/Src/stm32f4xx_hal_gpio.o
 .ARM.attributes
                0x00000487       0x34 ./Drivers/STM32F4xx_HAL_Driver/Src/stm32f4xx_hal_i2c.o
 .ARM.attributes
                0x000004bb       0x34 ./Drivers/STM32F4xx_HAL_Driver/Src/stm32f4xx_hal_i2c_ex.o
 .ARM.attributes
                0x000004ef       0x34 ./Drivers/STM32F4xx_HAL_Driver/Src/stm32f4xx_hal_ltdc.o
 .ARM.attributes
                0x00000523       0x34 ./Drivers/STM32F4xx_HAL_Driver/Src/stm32f4xx_hal_rcc.o
 .ARM.attributes
                0x00000557       0x34 ./Drivers/STM32F4xx_HAL_Driver/Src/stm32f4xx_hal_rcc_ex.o
 .ARM.attributes
                0x0000058b       0x34 ./Drivers/STM32F4xx_HAL_Driver/Src/stm32f4xx_hal_rng.o
 .ARM.attributes
                0x000005bf       0x34 ./Drivers/STM32F4xx_HAL_Driver/Src/stm32f4xx_hal_spi.o
 .ARM.attributes
                0x000005f3       0x34 ./Drivers/STM32F4xx_HAL_Driver/Src/stm32f4xx_hal_tim.o
 .ARM.attributes
                0x00000627       0x34 ./Drivers/STM32F4xx_HAL_Driver/Src/stm32f4xx_hal_tim_ex.o
 .ARM.attributes
                0x0000065b       0x34 /Applications/STM32CubeIDE.app/Contents/Eclipse/plugins/com.st.stm32cube.ide.mcu.externaltools.gnu-tools-for-stm32.13.3.rel1.macos64_1.0.0.202411102158/tools/bin/../lib/gcc/arm-none-eabi/13.3.1/../../../../arm-none-eabi/lib/thumb/v7e-m+fp/hard/libc_nano.a(libc_a-memset.o)
 .ARM.attributes
                0x0000068f       0x34 /Applications/STM32CubeIDE.app/Contents/Eclipse/plugins/com.st.stm32cube.ide.mcu.externaltools.gnu-tools-for-stm32.13.3.rel1.macos64_1.0.0.202411102158/tools/bin/../lib/gcc/arm-none-eabi/13.3.1/../../../../arm-none-eabi/lib/thumb/v7e-m+fp/hard/libc_nano.a(libc_a-init.o)
 .ARM.attributes
                0x000006c3       0x22 /Applications/STM32CubeIDE.app/Contents/Eclipse/plugins/com.st.stm32cube.ide.mcu.externaltools.gnu-tools-for-stm32.13.3.rel1.macos64_1.0.0.202411102158/tools/bin/../lib/gcc/arm-none-eabi/13.3.1/thumb/v7e-m+fp/hard/libgcc.a(_arm_muldf3.o)
 .ARM.attributes
                0x000006e5       0x22 /Applications/STM32CubeIDE.app/Contents/Eclipse/plugins/com.st.stm32cube.ide.mcu.externaltools.gnu-tools-for-stm32.13.3.rel1.macos64_1.0.0.202411102158/tools/bin/../lib/gcc/arm-none-eabi/13.3.1/thumb/v7e-m+fp/hard/libgcc.a(_arm_addsubdf3.o)
 .ARM.attributes
                0x00000707       0x22 /Applications/STM32CubeIDE.app/Contents/Eclipse/plugins/com.st.stm32cube.ide.mcu.externaltools.gnu-tools-for-stm32.13.3.rel1.macos64_1.0.0.202411102158/tools/bin/../lib/gcc/arm-none-eabi/13.3.1/thumb/v7e-m+fp/hard/libgcc.a(_arm_fixdfsi.o)
 .ARM.attributes
                0x00000729       0x22 /Applications/STM32CubeIDE.app/Contents/Eclipse/plugins/com.st.stm32cube.ide.mcu.externaltools.gnu-tools-for-stm32.13.3.rel1.macos64_1.0.0.202411102158/tools/bin/../lib/gcc/arm-none-eabi/13.3.1/thumb/v7e-m+fp/hard/libgcc.a(_aeabi_uldivmod.o)
 .ARM.attributes
                0x0000074b       0x34 /Applications/STM32CubeIDE.app/Contents/Eclipse/plugins/com.st.stm32cube.ide.mcu.externaltools.gnu-tools-for-stm32.13.3.rel1.macos64_1.0.0.202411102158/tools/bin/../lib/gcc/arm-none-eabi/13.3.1/thumb/v7e-m+fp/hard/libgcc.a(_udivmoddi4.o)
 .ARM.attributes
                0x0000077f       0x22 /Applications/STM32CubeIDE.app/Contents/Eclipse/plugins/com.st.stm32cube.ide.mcu.externaltools.gnu-tools-for-stm32.13.3.rel1.macos64_1.0.0.202411102158/tools/bin/../lib/gcc/arm-none-eabi/13.3.1/thumb/v7e-m+fp/hard/libgcc.a(_dvmd_tls.o)
 .ARM.attributes
                0x000007a1       0x22 /Applications/STM32CubeIDE.app/Contents/Eclipse/plugins/com.st.stm32cube.ide.mcu.externaltools.gnu-tools-for-stm32.13.3.rel1.macos64_1.0.0.202411102158/tools/bin/../lib/gcc/arm-none-eabi/13.3.1/thumb/v7e-m+fp/hard/crtn.o
OUTPUT(ECEN2370_Code.elf elf32-littlearm)
LOAD linker stubs
LOAD /Applications/STM32CubeIDE.app/Contents/Eclipse/plugins/com.st.stm32cube.ide.mcu.externaltools.gnu-tools-for-stm32.13.3.rel1.macos64_1.0.0.202411102158/tools/bin/../lib/gcc/arm-none-eabi/13.3.1/../../../../arm-none-eabi/lib/thumb/v7e-m+fp/hard/libc.a
LOAD /Applications/STM32CubeIDE.app/Contents/Eclipse/plugins/com.st.stm32cube.ide.mcu.externaltools.gnu-tools-for-stm32.13.3.rel1.macos64_1.0.0.202411102158/tools/bin/../lib/gcc/arm-none-eabi/13.3.1/../../../../arm-none-eabi/lib/thumb/v7e-m+fp/hard/libm.a
LOAD /Applications/STM32CubeIDE.app/Contents/Eclipse/plugins/com.st.stm32cube.ide.mcu.externaltools.gnu-tools-for-stm32.13.3.rel1.macos64_1.0.0.202411102158/tools/bin/../lib/gcc/arm-none-eabi/13.3.1/thumb/v7e-m+fp/hard/libgcc.a

.debug_info     0x00000000    0x15ca2
 .debug_info    0x00000000      0x3fe ./Core/Src/ApplicationCode.o
 .debug_info    0x000003fe      0x836 ./Core/Src/Button_Driver.o
 .debug_info    0x00000c34      0xc9b ./Core/Src/Gyro_Driver.o
 .debug_info    0x000018cf     0x1021 ./Core/Src/LCD_Driver.o
 .debug_info    0x000028f0      0x233 ./Core/Src/Screen1.o
 .debug_info    0x00002b23      0x942 ./Core/Src/Screen2.o
 .debug_info    0x00003465      0x2c9 ./Core/Src/Screen3.o
 .debug_info    0x0000372e      0x6e4 ./Core/Src/SinglePlayerAI.o
 .debug_info    0x00003e12      0x145 ./Core/Src/fonts.o
 .debug_info    0x00003f57      0xc85 ./Core/Src/ili9341.o
 .debug_info    0x00004bdc     0x1bc2 ./Core/Src/main.o
 .debug_info    0x0000679e     0x17bd ./Core/Src/stm32f4xx_hal_msp.o
 .debug_info    0x00007f5b      0x119 ./Core/Src/stm32f4xx_it.o
 .debug_info    0x00008074      0xdd6 ./Core/Src/stmpe811.o
 .debug_info    0x00008e4a      0x6a3 ./Core/Src/syscalls.o
 .debug_info    0x000094ed      0x52e ./Core/Src/system_stm32f4xx.o
 .debug_info    0x00009a1b      0x208 ./Core/Src/touch.o
 .debug_info    0x00009c23       0x30 ./Core/Startup/startup_stm32f429zitx.o
 .debug_info    0x00009c53      0x9ba ./Drivers/STM32F4xx_HAL_Driver/Src/stm32f4xx_hal.o
 .debug_info    0x0000a60d      0xdc2 ./Drivers/STM32F4xx_HAL_Driver/Src/stm32f4xx_hal_cortex.o
 .debug_info    0x0000b3cf      0x6db ./Drivers/STM32F4xx_HAL_Driver/Src/stm32f4xx_hal_gpio.o
 .debug_info    0x0000baaa     0x2421 ./Drivers/STM32F4xx_HAL_Driver/Src/stm32f4xx_hal_i2c.o
 .debug_info    0x0000decb      0x672 ./Drivers/STM32F4xx_HAL_Driver/Src/stm32f4xx_hal_i2c_ex.o
 .debug_info    0x0000e53d     0x1022 ./Drivers/STM32F4xx_HAL_Driver/Src/stm32f4xx_hal_ltdc.o
 .debug_info    0x0000f55f      0x8c7 ./Drivers/STM32F4xx_HAL_Driver/Src/stm32f4xx_hal_rcc.o
 .debug_info    0x0000fe26      0x64c ./Drivers/STM32F4xx_HAL_Driver/Src/stm32f4xx_hal_rcc_ex.o
 .debug_info    0x00010472      0x493 ./Drivers/STM32F4xx_HAL_Driver/Src/stm32f4xx_hal_rng.o
 .debug_info    0x00010905     0x1525 ./Drivers/STM32F4xx_HAL_Driver/Src/stm32f4xx_hal_spi.o
 .debug_info    0x00011e2a     0x299d ./Drivers/STM32F4xx_HAL_Driver/Src/stm32f4xx_hal_tim.o
 .debug_info    0x000147c7     0x14db ./Drivers/STM32F4xx_HAL_Driver/Src/stm32f4xx_hal_tim_ex.o

.debug_abbrev   0x00000000     0x3b10
 .debug_abbrev  0x00000000      0x182 ./Core/Src/ApplicationCode.o
 .debug_abbrev  0x00000182      0x1f9 ./Core/Src/Button_Driver.o
 .debug_abbrev  0x0000037b      0x277 ./Core/Src/Gyro_Driver.o
 .debug_abbrev  0x000005f2      0x329 ./Core/Src/LCD_Driver.o
 .debug_abbrev  0x0000091b      0x16b ./Core/Src/Screen1.o
 .debug_abbrev  0x00000a86      0x2dc ./Core/Src/Screen2.o
 .debug_abbrev  0x00000d62      0x161 ./Core/Src/Screen3.o
 .debug_abbrev  0x00000ec3      0x16d ./Core/Src/SinglePlayerAI.o
 .debug_abbrev  0x00001030       0xc6 ./Core/Src/fonts.o
 .debug_abbrev  0x000010f6      0x2c9 ./Core/Src/ili9341.o
 .debug_abbrev  0x000013bf      0x2ea ./Core/Src/main.o
 .debug_abbrev  0x000016a9      0x25c ./Core/Src/stm32f4xx_hal_msp.o
 .debug_abbrev  0x00001905       0x73 ./Core/Src/stm32f4xx_it.o
 .debug_abbrev  0x00001978      0x2c9 ./Core/Src/stmpe811.o
 .debug_abbrev  0x00001c41      0x1b6 ./Core/Src/syscalls.o
 .debug_abbrev  0x00001df7      0x11a ./Core/Src/system_stm32f4xx.o
 .debug_abbrev  0x00001f11       0xff ./Core/Src/touch.o
 .debug_abbrev  0x00002010       0x24 ./Core/Startup/startup_stm32f429zitx.o
 .debug_abbrev  0x00002034      0x214 ./Drivers/STM32F4xx_HAL_Driver/Src/stm32f4xx_hal.o
 .debug_abbrev  0x00002248      0x31d ./Drivers/STM32F4xx_HAL_Driver/Src/stm32f4xx_hal_cortex.o
 .debug_abbrev  0x00002565      0x1d4 ./Drivers/STM32F4xx_HAL_Driver/Src/stm32f4xx_hal_gpio.o
 .debug_abbrev  0x00002739      0x2ad ./Drivers/STM32F4xx_HAL_Driver/Src/stm32f4xx_hal_i2c.o
 .debug_abbrev  0x000029e6      0x157 ./Drivers/STM32F4xx_HAL_Driver/Src/stm32f4xx_hal_i2c_ex.o
 .debug_abbrev  0x00002b3d      0x233 ./Drivers/STM32F4xx_HAL_Driver/Src/stm32f4xx_hal_ltdc.o
 .debug_abbrev  0x00002d70      0x2b7 ./Drivers/STM32F4xx_HAL_Driver/Src/stm32f4xx_hal_rcc.o
 .debug_abbrev  0x00003027      0x1b0 ./Drivers/STM32F4xx_HAL_Driver/Src/stm32f4xx_hal_rcc_ex.o
 .debug_abbrev  0x000031d7      0x1c4 ./Drivers/STM32F4xx_HAL_Driver/Src/stm32f4xx_hal_rng.o
 .debug_abbrev  0x0000339b      0x27a ./Drivers/STM32F4xx_HAL_Driver/Src/stm32f4xx_hal_spi.o
 .debug_abbrev  0x00003615      0x278 ./Drivers/STM32F4xx_HAL_Driver/Src/stm32f4xx_hal_tim.o
 .debug_abbrev  0x0000388d      0x283 ./Drivers/STM32F4xx_HAL_Driver/Src/stm32f4xx_hal_tim_ex.o

.debug_aranges  0x00000000     0x1620
 .debug_aranges
                0x00000000       0x68 ./Core/Src/ApplicationCode.o
 .debug_aranges
                0x00000068       0x30 ./Core/Src/Button_Driver.o
 .debug_aranges
                0x00000098       0x70 ./Core/Src/Gyro_Driver.o
 .debug_aranges
                0x00000108       0xb8 ./Core/Src/LCD_Driver.o
 .debug_aranges
                0x000001c0       0x30 ./Core/Src/Screen1.o
 .debug_aranges
                0x000001f0       0xe8 ./Core/Src/Screen2.o
 .debug_aranges
                0x000002d8       0x30 ./Core/Src/Screen3.o
 .debug_aranges
                0x00000308       0x70 ./Core/Src/SinglePlayerAI.o
 .debug_aranges
                0x00000378       0x18 ./Core/Src/fonts.o
 .debug_aranges
                0x00000390       0x98 ./Core/Src/ili9341.o
 .debug_aranges
                0x00000428       0x60 ./Core/Src/main.o
 .debug_aranges
                0x00000488       0x70 ./Core/Src/stm32f4xx_hal_msp.o
 .debug_aranges
                0x000004f8       0x60 ./Core/Src/stm32f4xx_it.o
 .debug_aranges
                0x00000558       0x88 ./Core/Src/stmpe811.o
 .debug_aranges
                0x000005e0       0xa8 ./Core/Src/syscalls.o
 .debug_aranges
                0x00000688       0x28 ./Core/Src/system_stm32f4xx.o
 .debug_aranges
                0x000006b0       0x28 ./Core/Src/touch.o
 .debug_aranges
                0x000006d8       0x28 ./Core/Startup/startup_stm32f429zitx.o
 .debug_aranges
                0x00000700      0x100 ./Drivers/STM32F4xx_HAL_Driver/Src/stm32f4xx_hal.o
 .debug_aranges
                0x00000800      0x130 ./Drivers/STM32F4xx_HAL_Driver/Src/stm32f4xx_hal_cortex.o
 .debug_aranges
                0x00000930       0x58 ./Drivers/STM32F4xx_HAL_Driver/Src/stm32f4xx_hal_gpio.o
 .debug_aranges
                0x00000988      0x2a8 ./Drivers/STM32F4xx_HAL_Driver/Src/stm32f4xx_hal_i2c.o
 .debug_aranges
                0x00000c30       0x28 ./Drivers/STM32F4xx_HAL_Driver/Src/stm32f4xx_hal_i2c_ex.o
 .debug_aranges
                0x00000c58      0x158 ./Drivers/STM32F4xx_HAL_Driver/Src/stm32f4xx_hal_ltdc.o
 .debug_aranges
                0x00000db0       0x88 ./Drivers/STM32F4xx_HAL_Driver/Src/stm32f4xx_hal_rcc.o
 .debug_aranges
                0x00000e38       0x58 ./Drivers/STM32F4xx_HAL_Driver/Src/stm32f4xx_hal_rcc_ex.o
 .debug_aranges
                0x00000e90       0x88 ./Drivers/STM32F4xx_HAL_Driver/Src/stm32f4xx_hal_rng.o
 .debug_aranges
                0x00000f18      0x1d0 ./Drivers/STM32F4xx_HAL_Driver/Src/stm32f4xx_hal_spi.o
 .debug_aranges
                0x000010e8      0x3d0 ./Drivers/STM32F4xx_HAL_Driver/Src/stm32f4xx_hal_tim.o
 .debug_aranges
                0x000014b8      0x168 ./Drivers/STM32F4xx_HAL_Driver/Src/stm32f4xx_hal_tim_ex.o

.debug_rnglists
                0x00000000     0x10f6
 .debug_rnglists
                0x00000000       0x4a ./Core/Src/ApplicationCode.o
 .debug_rnglists
                0x0000004a       0x1f ./Core/Src/Button_Driver.o
 .debug_rnglists
                0x00000069       0x51 ./Core/Src/Gyro_Driver.o
 .debug_rnglists
                0x000000ba       0x8b ./Core/Src/LCD_Driver.o
 .debug_rnglists
                0x00000145       0x20 ./Core/Src/Screen1.o
 .debug_rnglists
                0x00000165       0xb1 ./Core/Src/Screen2.o
 .debug_rnglists
                0x00000216       0x20 ./Core/Src/Screen3.o
 .debug_rnglists
                0x00000236       0x54 ./Core/Src/SinglePlayerAI.o
 .debug_rnglists
                0x0000028a       0x6f ./Core/Src/ili9341.o
 .debug_rnglists
                0x000002f9       0x48 ./Core/Src/main.o
 .debug_rnglists
                0x00000341       0x53 ./Core/Src/stm32f4xx_hal_msp.o
 .debug_rnglists
                0x00000394       0x43 ./Core/Src/stm32f4xx_it.o
 .debug_rnglists
                0x000003d7       0x67 ./Core/Src/stmpe811.o
 .debug_rnglists
                0x0000043e       0x79 ./Core/Src/syscalls.o
 .debug_rnglists
                0x000004b7       0x1a ./Core/Src/system_stm32f4xx.o
 .debug_rnglists
                0x000004d1       0x19 ./Core/Src/touch.o
 .debug_rnglists
                0x000004ea       0x19 ./Core/Startup/startup_stm32f429zitx.o
 .debug_rnglists
                0x00000503       0xbb ./Drivers/STM32F4xx_HAL_Driver/Src/stm32f4xx_hal.o
 .debug_rnglists
                0x000005be       0xe0 ./Drivers/STM32F4xx_HAL_Driver/Src/stm32f4xx_hal_cortex.o
 .debug_rnglists
                0x0000069e       0x3f ./Drivers/STM32F4xx_HAL_Driver/Src/stm32f4xx_hal_gpio.o
 .debug_rnglists
                0x000006dd      0x23c ./Drivers/STM32F4xx_HAL_Driver/Src/stm32f4xx_hal_i2c.o
 .debug_rnglists
                0x00000919       0x19 ./Drivers/STM32F4xx_HAL_Driver/Src/stm32f4xx_hal_i2c_ex.o
 .debug_rnglists
                0x00000932      0x10a ./Drivers/STM32F4xx_HAL_Driver/Src/stm32f4xx_hal_ltdc.o
 .debug_rnglists
                0x00000a3c       0x66 ./Drivers/STM32F4xx_HAL_Driver/Src/stm32f4xx_hal_rcc.o
 .debug_rnglists
                0x00000aa2       0x43 ./Drivers/STM32F4xx_HAL_Driver/Src/stm32f4xx_hal_rcc_ex.o
 .debug_rnglists
                0x00000ae5       0x63 ./Drivers/STM32F4xx_HAL_Driver/Src/stm32f4xx_hal_rng.o
 .debug_rnglists
                0x00000b48      0x16f ./Drivers/STM32F4xx_HAL_Driver/Src/stm32f4xx_hal_spi.o
 .debug_rnglists
                0x00000cb7      0x31a ./Drivers/STM32F4xx_HAL_Driver/Src/stm32f4xx_hal_tim.o
 .debug_rnglists
                0x00000fd1      0x125 ./Drivers/STM32F4xx_HAL_Driver/Src/stm32f4xx_hal_tim_ex.o

.debug_macro    0x00000000    0x28482
 .debug_macro   0x00000000      0x379 ./Core/Src/ApplicationCode.o
 .debug_macro   0x00000379      0xad8 ./Core/Src/ApplicationCode.o
 .debug_macro   0x00000e51      0x2ad ./Core/Src/ApplicationCode.o
 .debug_macro   0x000010fe       0x2e ./Core/Src/ApplicationCode.o
 .debug_macro   0x0000112c       0x28 ./Core/Src/ApplicationCode.o
 .debug_macro   0x00001154       0x22 ./Core/Src/ApplicationCode.o
 .debug_macro   0x00001176       0x8e ./Core/Src/ApplicationCode.o
 .debug_macro   0x00001204       0x51 ./Core/Src/ApplicationCode.o
 .debug_macro   0x00001255      0x103 ./Core/Src/ApplicationCode.o
 .debug_macro   0x00001358       0x6a ./Core/Src/ApplicationCode.o
 .debug_macro   0x000013c2      0x1df ./Core/Src/ApplicationCode.o
 .debug_macro   0x000015a1       0x1c ./Core/Src/ApplicationCode.o
 .debug_macro   0x000015bd       0x22 ./Core/Src/ApplicationCode.o
 .debug_macro   0x000015df       0xfb ./Core/Src/ApplicationCode.o
 .debug_macro   0x000016da     0x1011 ./Core/Src/ApplicationCode.o
 .debug_macro   0x000026eb      0x11f ./Core/Src/ApplicationCode.o
 .debug_macro   0x0000280a    0x17fd8 ./Core/Src/ApplicationCode.o
 .debug_macro   0x0001a7e2       0x6d ./Core/Src/ApplicationCode.o
 .debug_macro   0x0001a84f     0x3711 ./Core/Src/ApplicationCode.o
 .debug_macro   0x0001df60      0x190 ./Core/Src/ApplicationCode.o
 .debug_macro   0x0001e0f0       0x5c ./Core/Src/ApplicationCode.o
 .debug_macro   0x0001e14c      0xcba ./Core/Src/ApplicationCode.o
 .debug_macro   0x0001ee06      0x9e9 ./Core/Src/ApplicationCode.o
 .debug_macro   0x0001f7ef      0x115 ./Core/Src/ApplicationCode.o
 .debug_macro   0x0001f904      0x156 ./Core/Src/ApplicationCode.o
 .debug_macro   0x0001fa5a       0xa5 ./Core/Src/ApplicationCode.o
 .debug_macro   0x0001faff      0x182 ./Core/Src/ApplicationCode.o
 .debug_macro   0x0001fc81      0x287 ./Core/Src/ApplicationCode.o
 .debug_macro   0x0001ff08       0x5f ./Core/Src/ApplicationCode.o
 .debug_macro   0x0001ff67      0x236 ./Core/Src/ApplicationCode.o
 .debug_macro   0x0002019d      0x132 ./Core/Src/ApplicationCode.o
 .debug_macro   0x000202cf      0x41d ./Core/Src/ApplicationCode.o
 .debug_macro   0x000206ec       0x2e ./Core/Src/ApplicationCode.o
 .debug_macro   0x0002071a      0x1b5 ./Core/Src/ApplicationCode.o
 .debug_macro   0x000208cf       0x22 ./Core/Src/ApplicationCode.o
 .debug_macro   0x000208f1       0xd6 ./Core/Src/ApplicationCode.o
 .debug_macro   0x000209c7      0x198 ./Core/Src/ApplicationCode.o
 .debug_macro   0x00020b5f       0xd6 ./Core/Src/ApplicationCode.o
 .debug_macro   0x00020c35      0x127 ./Core/Src/ApplicationCode.o
 .debug_macro   0x00020d5c       0xe2 ./Core/Src/ApplicationCode.o
 .debug_macro   0x00020e3e       0x89 ./Core/Src/ApplicationCode.o
 .debug_macro   0x00020ec7       0xa4 ./Core/Src/ApplicationCode.o
 .debug_macro   0x00020f6b      0x225 ./Core/Src/ApplicationCode.o
 .debug_macro   0x00021190      0x8ed ./Core/Src/ApplicationCode.o
 .debug_macro   0x00021a7d       0x4d ./Core/Src/ApplicationCode.o
 .debug_macro   0x00021aca      0x134 ./Core/Src/ApplicationCode.o
 .debug_macro   0x00021bfe      0x332 ./Core/Src/ApplicationCode.o
 .debug_macro   0x00021f30       0x22 ./Core/Src/ApplicationCode.o
 .debug_macro   0x00021f52      0x173 ./Core/Src/ApplicationCode.o
 .debug_macro   0x000220c5       0x88 ./Core/Src/ApplicationCode.o
 .debug_macro   0x0002214d       0x61 ./Core/Src/ApplicationCode.o
 .debug_macro   0x000221ae       0x2a ./Core/Src/ApplicationCode.o
 .debug_macro   0x000221d8       0x43 ./Core/Src/ApplicationCode.o
 .debug_macro   0x0002221b       0x34 ./Core/Src/ApplicationCode.o
 .debug_macro   0x0002224f       0x16 ./Core/Src/ApplicationCode.o
 .debug_macro   0x00022265       0x3c ./Core/Src/ApplicationCode.o
 .debug_macro   0x000222a1      0x370 ./Core/Src/ApplicationCode.o
 .debug_macro   0x00022611       0x10 ./Core/Src/ApplicationCode.o
 .debug_macro   0x00022621       0x16 ./Core/Src/ApplicationCode.o
 .debug_macro   0x00022637       0x4a ./Core/Src/ApplicationCode.o
 .debug_macro   0x00022681       0x34 ./Core/Src/ApplicationCode.o
 .debug_macro   0x000226b5       0x10 ./Core/Src/ApplicationCode.o
 .debug_macro   0x000226c5       0x58 ./Core/Src/ApplicationCode.o
 .debug_macro   0x0002271d       0x8e ./Core/Src/ApplicationCode.o
 .debug_macro   0x000227ab       0x1c ./Core/Src/ApplicationCode.o
 .debug_macro   0x000227c7      0x185 ./Core/Src/ApplicationCode.o
 .debug_macro   0x0002294c       0x16 ./Core/Src/ApplicationCode.o
 .debug_macro   0x00022962       0x16 ./Core/Src/ApplicationCode.o
 .debug_macro   0x00022978      0x146 ./Core/Src/ApplicationCode.o
 .debug_macro   0x00022abe       0x22 ./Core/Src/ApplicationCode.o
 .debug_macro   0x00022ae0       0x16 ./Core/Src/ApplicationCode.o
 .debug_macro   0x00022af6       0x2e ./Core/Src/ApplicationCode.o
 .debug_macro   0x00022b24      0x154 ./Core/Src/ApplicationCode.o
 .debug_macro   0x00022c78      0x223 ./Core/Src/Button_Driver.o
 .debug_macro   0x00022e9b       0x1c ./Core/Src/Button_Driver.o
 .debug_macro   0x00022eb7      0x362 ./Core/Src/Gyro_Driver.o
 .debug_macro   0x00023219       0x10 ./Core/Src/Gyro_Driver.o
 .debug_macro   0x00023229      0x14e ./Core/Src/Gyro_Driver.o
 .debug_macro   0x00023377      0x245 ./Core/Src/LCD_Driver.o
 .debug_macro   0x000235bc      0x258 ./Core/Src/Screen1.o
 .debug_macro   0x00023814      0x35e ./Core/Src/Screen2.o
 .debug_macro   0x00023b72      0x258 ./Core/Src/Screen3.o
 .debug_macro   0x00023dca      0x35c ./Core/Src/SinglePlayerAI.o
 .debug_macro   0x00024126      0x179 ./Core/Src/SinglePlayerAI.o
 .debug_macro   0x0002429f       0x6d ./Core/Src/fonts.o
 .debug_macro   0x0002430c      0x21a ./Core/Src/ili9341.o
 .debug_macro   0x00024526      0x32c ./Core/Src/ili9341.o
 .debug_macro   0x00024852      0x388 ./Core/Src/main.o
 .debug_macro   0x00024bda      0x4ca ./Core/Src/main.o
 .debug_macro   0x000250a4      0x388 ./Core/Src/stm32f4xx_hal_msp.o
 .debug_macro   0x0002542c      0x392 ./Core/Src/stm32f4xx_it.o
 .debug_macro   0x000257be      0x235 ./Core/Src/stmpe811.o
 .debug_macro   0x000259f3      0x274 ./Core/Src/syscalls.o
 .debug_macro   0x00025c67       0x5b ./Core/Src/syscalls.o
 .debug_macro   0x00025cc2       0x94 ./Core/Src/syscalls.o
 .debug_macro   0x00025d56       0x57 ./Core/Src/syscalls.o
 .debug_macro   0x00025dad       0x10 ./Core/Src/syscalls.o
 .debug_macro   0x00025dbd       0x10 ./Core/Src/syscalls.o
 .debug_macro   0x00025dcd       0x10 ./Core/Src/syscalls.o
 .debug_macro   0x00025ddd       0x10 ./Core/Src/syscalls.o
 .debug_macro   0x00025ded       0x1c ./Core/Src/syscalls.o
 .debug_macro   0x00025e09       0x52 ./Core/Src/syscalls.o
 .debug_macro   0x00025e5b       0x22 ./Core/Src/syscalls.o
 .debug_macro   0x00025e7d       0x10 ./Core/Src/syscalls.o
 .debug_macro   0x00025e8d       0x52 ./Core/Src/syscalls.o
 .debug_macro   0x00025edf       0xcf ./Core/Src/syscalls.o
 .debug_macro   0x00025fae       0x1c ./Core/Src/syscalls.o
 .debug_macro   0x00025fca       0x3d ./Core/Src/syscalls.o
 .debug_macro   0x00026007       0x35 ./Core/Src/syscalls.o
 .debug_macro   0x0002603c      0x12c ./Core/Src/syscalls.o
 .debug_macro   0x00026168       0x16 ./Core/Src/syscalls.o
 .debug_macro   0x0002617e       0x16 ./Core/Src/syscalls.o
 .debug_macro   0x00026194       0x29 ./Core/Src/syscalls.o
 .debug_macro   0x000261bd       0x10 ./Core/Src/syscalls.o
 .debug_macro   0x000261cd      0x242 ./Core/Src/syscalls.o
 .debug_macro   0x0002640f       0x1c ./Core/Src/syscalls.o
 .debug_macro   0x0002642b       0x10 ./Core/Src/syscalls.o
 .debug_macro   0x0002643b      0x18a ./Core/Src/syscalls.o
 .debug_macro   0x000265c5       0x16 ./Core/Src/syscalls.o
 .debug_macro   0x000265db       0xce ./Core/Src/syscalls.o
 .debug_macro   0x000266a9      0x20b ./Core/Src/system_stm32f4xx.o
 .debug_macro   0x000268b4      0x254 ./Core/Src/touch.o
 .debug_macro   0x00026b08      0x26b ./Drivers/STM32F4xx_HAL_Driver/Src/stm32f4xx_hal.o
 .debug_macro   0x00026d73      0x20b ./Drivers/STM32F4xx_HAL_Driver/Src/stm32f4xx_hal_cortex.o
 .debug_macro   0x00026f7e      0x211 ./Drivers/STM32F4xx_HAL_Driver/Src/stm32f4xx_hal_gpio.o
 .debug_macro   0x0002718f      0x259 ./Drivers/STM32F4xx_HAL_Driver/Src/stm32f4xx_hal_i2c.o
 .debug_macro   0x000273e8      0x20b ./Drivers/STM32F4xx_HAL_Driver/Src/stm32f4xx_hal_i2c_ex.o
 .debug_macro   0x000275f3      0x213 ./Drivers/STM32F4xx_HAL_Driver/Src/stm32f4xx_hal_ltdc.o
 .debug_macro   0x00027806      0x22f ./Drivers/STM32F4xx_HAL_Driver/Src/stm32f4xx_hal_rcc.o
 .debug_macro   0x00027a35      0x20b ./Drivers/STM32F4xx_HAL_Driver/Src/stm32f4xx_hal_rcc_ex.o
 .debug_macro   0x00027c40      0x211 ./Drivers/STM32F4xx_HAL_Driver/Src/stm32f4xx_hal_rng.o
 .debug_macro   0x00027e51      0x21a ./Drivers/STM32F4xx_HAL_Driver/Src/stm32f4xx_hal_spi.o
 .debug_macro   0x0002806b      0x20c ./Drivers/STM32F4xx_HAL_Driver/Src/stm32f4xx_hal_tim.o
 .debug_macro   0x00028277      0x20b ./Drivers/STM32F4xx_HAL_Driver/Src/stm32f4xx_hal_tim_ex.o

.debug_line     0x00000000    0x1b98e
 .debug_line    0x00000000      0xa9c ./Core/Src/ApplicationCode.o
 .debug_line    0x00000a9c      0x7c7 ./Core/Src/Button_Driver.o
 .debug_line    0x00001263      0xb52 ./Core/Src/Gyro_Driver.o
 .debug_line    0x00001db5      0xb90 ./Core/Src/LCD_Driver.o
 .debug_line    0x00002945      0x84d ./Core/Src/Screen1.o
 .debug_line    0x00003192     0x1056 ./Core/Src/Screen2.o
 .debug_line    0x000041e8      0x864 ./Core/Src/Screen3.o
 .debug_line    0x00004a4c      0xe73 ./Core/Src/SinglePlayerAI.o
 .debug_line    0x000058bf      0x39f ./Core/Src/fonts.o
 .debug_line    0x00005c5e      0x99b ./Core/Src/ili9341.o
 .debug_line    0x000065f9      0xcce ./Core/Src/main.o
 .debug_line    0x000072c7      0xb70 ./Core/Src/stm32f4xx_hal_msp.o
 .debug_line    0x00007e37      0xa1b ./Core/Src/stm32f4xx_it.o
 .debug_line    0x00008852      0xbc0 ./Core/Src/stmpe811.o
 .debug_line    0x00009412      0x845 ./Core/Src/syscalls.o
 .debug_line    0x00009c57      0x7da ./Core/Src/system_stm32f4xx.o
 .debug_line    0x0000a431      0x7cf ./Core/Src/touch.o
 .debug_line    0x0000ac00       0x7a ./Core/Startup/startup_stm32f429zitx.o
 .debug_line    0x0000ac7a      0xa7d ./Drivers/STM32F4xx_HAL_Driver/Src/stm32f4xx_hal.o
 .debug_line    0x0000b6f7      0xd17 ./Drivers/STM32F4xx_HAL_Driver/Src/stm32f4xx_hal_cortex.o
 .debug_line    0x0000c40e      0xbc7 ./Drivers/STM32F4xx_HAL_Driver/Src/stm32f4xx_hal_gpio.o
 .debug_line    0x0000cfd5     0x3af9 ./Drivers/STM32F4xx_HAL_Driver/Src/stm32f4xx_hal_i2c.o
 .debug_line    0x00010ace      0x7d0 ./Drivers/STM32F4xx_HAL_Driver/Src/stm32f4xx_hal_i2c_ex.o
 .debug_line    0x0001129e     0x13f7 ./Drivers/STM32F4xx_HAL_Driver/Src/stm32f4xx_hal_ltdc.o
 .debug_line    0x00012695      0xe56 ./Drivers/STM32F4xx_HAL_Driver/Src/stm32f4xx_hal_rcc.o
 .debug_line    0x000134eb      0xc9f ./Drivers/STM32F4xx_HAL_Driver/Src/stm32f4xx_hal_rcc_ex.o
 .debug_line    0x0001418a      0x9bd ./Drivers/STM32F4xx_HAL_Driver/Src/stm32f4xx_hal_rng.o
 .debug_line    0x00014b47     0x1cdc ./Drivers/STM32F4xx_HAL_Driver/Src/stm32f4xx_hal_spi.o
 .debug_line    0x00016823     0x37c4 ./Drivers/STM32F4xx_HAL_Driver/Src/stm32f4xx_hal_tim.o
 .debug_line    0x00019fe7     0x19a7 ./Drivers/STM32F4xx_HAL_Driver/Src/stm32f4xx_hal_tim_ex.o

.debug_str      0x00000000    0xe3837
 .debug_str     0x00000000    0xe3837 ./Core/Src/ApplicationCode.o
                              0xdad0d (size before relaxing)
 .debug_str     0x000e3837    0xd60da ./Core/Src/Button_Driver.o
 .debug_str     0x000e3837    0xdb20d ./Core/Src/Gyro_Driver.o
 .debug_str     0x000e3837    0xd76e0 ./Core/Src/LCD_Driver.o
 .debug_str     0x000e3837    0xd6e30 ./Core/Src/Screen1.o
 .debug_str     0x000e3837    0xdad40 ./Core/Src/Screen2.o
 .debug_str     0x000e3837    0xd6e84 ./Core/Src/Screen3.o
 .debug_str     0x000e3837    0xdaaca ./Core/Src/SinglePlayerAI.o
 .debug_str     0x000e3837     0x3e06 ./Core/Src/fonts.o
 .debug_str     0x000e3837    0xd6c5a ./Core/Src/ili9341.o
 .debug_str     0x000e3837    0xdd014 ./Core/Src/main.o
 .debug_str     0x000e3837    0xdc8a7 ./Core/Src/stm32f4xx_hal_msp.o
 .debug_str     0x000e3837    0xdb8c3 ./Core/Src/stm32f4xx_it.o
 .debug_str     0x000e3837    0xd68f4 ./Core/Src/stmpe811.o
 .debug_str     0x000e3837     0x99e9 ./Core/Src/syscalls.o
 .debug_str     0x000e3837    0xd5a4c ./Core/Src/system_stm32f4xx.o
 .debug_str     0x000e3837    0xd6f25 ./Core/Src/touch.o
 .debug_str     0x000e3837       0x89 ./Core/Startup/startup_stm32f429zitx.o
 .debug_str     0x000e3837    0xd666f ./Drivers/STM32F4xx_HAL_Driver/Src/stm32f4xx_hal.o
 .debug_str     0x000e3837    0xd639d ./Drivers/STM32F4xx_HAL_Driver/Src/stm32f4xx_hal_cortex.o
 .debug_str     0x000e3837    0xd5bc7 ./Drivers/STM32F4xx_HAL_Driver/Src/stm32f4xx_hal_gpio.o
 .debug_str     0x000e3837    0xd6a5c ./Drivers/STM32F4xx_HAL_Driver/Src/stm32f4xx_hal_i2c.o
 .debug_str     0x000e3837    0xd5e1b ./Drivers/STM32F4xx_HAL_Driver/Src/stm32f4xx_hal_i2c_ex.o
 .debug_str     0x000e3837    0xd60b0 ./Drivers/STM32F4xx_HAL_Driver/Src/stm32f4xx_hal_ltdc.o
 .debug_str     0x000e3837    0xd5e80 ./Drivers/STM32F4xx_HAL_Driver/Src/stm32f4xx_hal_rcc.o
 .debug_str     0x000e3837    0xd5c47 ./Drivers/STM32F4xx_HAL_Driver/Src/stm32f4xx_hal_rcc_ex.o
 .debug_str     0x000e3837    0xd5b39 ./Drivers/STM32F4xx_HAL_Driver/Src/stm32f4xx_hal_rng.o
 .debug_str     0x000e3837    0xd62f7 ./Drivers/STM32F4xx_HAL_Driver/Src/stm32f4xx_hal_spi.o
 .debug_str     0x000e3837    0xd6dc3 ./Drivers/STM32F4xx_HAL_Driver/Src/stm32f4xx_hal_tim.o
 .debug_str     0x000e3837    0xd65cf ./Drivers/STM32F4xx_HAL_Driver/Src/stm32f4xx_hal_tim_ex.o

.comment        0x00000000       0x43
 .comment       0x00000000       0x43 ./Core/Src/ApplicationCode.o
                                 0x44 (size before relaxing)
 .comment       0x00000043       0x44 ./Core/Src/Button_Driver.o
 .comment       0x00000043       0x44 ./Core/Src/Gyro_Driver.o
 .comment       0x00000043       0x44 ./Core/Src/LCD_Driver.o
 .comment       0x00000043       0x44 ./Core/Src/Screen1.o
 .comment       0x00000043       0x44 ./Core/Src/Screen2.o
 .comment       0x00000043       0x44 ./Core/Src/Screen3.o
 .comment       0x00000043       0x44 ./Core/Src/SinglePlayerAI.o
 .comment       0x00000043       0x44 ./Core/Src/fonts.o
 .comment       0x00000043       0x44 ./Core/Src/ili9341.o
 .comment       0x00000043       0x44 ./Core/Src/main.o
 .comment       0x00000043       0x44 ./Core/Src/stm32f4xx_hal_msp.o
 .comment       0x00000043       0x44 ./Core/Src/stm32f4xx_it.o
 .comment       0x00000043       0x44 ./Core/Src/stmpe811.o
 .comment       0x00000043       0x44 ./Core/Src/syscalls.o
 .comment       0x00000043       0x44 ./Core/Src/system_stm32f4xx.o
 .comment       0x00000043       0x44 ./Core/Src/touch.o
 .comment       0x00000043       0x44 ./Drivers/STM32F4xx_HAL_Driver/Src/stm32f4xx_hal.o
 .comment       0x00000043       0x44 ./Drivers/STM32F4xx_HAL_Driver/Src/stm32f4xx_hal_cortex.o
 .comment       0x00000043       0x44 ./Drivers/STM32F4xx_HAL_Driver/Src/stm32f4xx_hal_gpio.o
 .comment       0x00000043       0x44 ./Drivers/STM32F4xx_HAL_Driver/Src/stm32f4xx_hal_i2c.o
 .comment       0x00000043       0x44 ./Drivers/STM32F4xx_HAL_Driver/Src/stm32f4xx_hal_i2c_ex.o
 .comment       0x00000043       0x44 ./Drivers/STM32F4xx_HAL_Driver/Src/stm32f4xx_hal_ltdc.o
 .comment       0x00000043       0x44 ./Drivers/STM32F4xx_HAL_Driver/Src/stm32f4xx_hal_rcc.o
 .comment       0x00000043       0x44 ./Drivers/STM32F4xx_HAL_Driver/Src/stm32f4xx_hal_rcc_ex.o
 .comment       0x00000043       0x44 ./Drivers/STM32F4xx_HAL_Driver/Src/stm32f4xx_hal_rng.o
 .comment       0x00000043       0x44 ./Drivers/STM32F4xx_HAL_Driver/Src/stm32f4xx_hal_spi.o
 .comment       0x00000043       0x44 ./Drivers/STM32F4xx_HAL_Driver/Src/stm32f4xx_hal_tim.o
 .comment       0x00000043       0x44 ./Drivers/STM32F4xx_HAL_Driver/Src/stm32f4xx_hal_tim_ex.o

.debug_frame    0x00000000     0x5c00
 .debug_frame   0x00000000      0x140 ./Core/Src/ApplicationCode.o
 .debug_frame   0x00000140       0x78 ./Core/Src/Button_Driver.o
 .debug_frame   0x000001b8      0x190 ./Core/Src/Gyro_Driver.o
 .debug_frame   0x00000348      0x2d8 ./Core/Src/LCD_Driver.o
 .debug_frame   0x00000620       0x74 ./Core/Src/Screen1.o
 .debug_frame   0x00000694      0x39c ./Core/Src/Screen2.o
 .debug_frame   0x00000a30       0x80 ./Core/Src/Screen3.o
 .debug_frame   0x00000ab0      0x1b8 ./Core/Src/SinglePlayerAI.o
 .debug_frame   0x00000c68      0x228 ./Core/Src/ili9341.o
 .debug_frame   0x00000e90      0x12c ./Core/Src/main.o
 .debug_frame   0x00000fbc      0x1b0 ./Core/Src/stm32f4xx_hal_msp.o
 .debug_frame   0x0000116c      0x104 ./Core/Src/stm32f4xx_it.o
 .debug_frame   0x00001270      0x204 ./Core/Src/stmpe811.o
 .debug_frame   0x00001474      0x2ac ./Core/Src/syscalls.o
 .debug_frame   0x00001720       0x58 ./Core/Src/system_stm32f4xx.o
 .debug_frame   0x00001778       0x58 ./Core/Src/touch.o
 .debug_frame   0x000017d0      0x3b4 ./Drivers/STM32F4xx_HAL_Driver/Src/stm32f4xx_hal.o
 .debug_frame   0x00001b84      0x508 ./Drivers/STM32F4xx_HAL_Driver/Src/stm32f4xx_hal_cortex.o
 .debug_frame   0x0000208c      0x14c ./Drivers/STM32F4xx_HAL_Driver/Src/stm32f4xx_hal_gpio.o
 .debug_frame   0x000021d8      0xc84 ./Drivers/STM32F4xx_HAL_Driver/Src/stm32f4xx_hal_i2c.o
 .debug_frame   0x00002e5c       0x60 ./Drivers/STM32F4xx_HAL_Driver/Src/stm32f4xx_hal_i2c_ex.o
 .debug_frame   0x00002ebc      0x61c ./Drivers/STM32F4xx_HAL_Driver/Src/stm32f4xx_hal_ltdc.o
 .debug_frame   0x000034d8      0x1f4 ./Drivers/STM32F4xx_HAL_Driver/Src/stm32f4xx_hal_rcc.o
 .debug_frame   0x000036cc      0x13c ./Drivers/STM32F4xx_HAL_Driver/Src/stm32f4xx_hal_rcc_ex.o
 .debug_frame   0x00003808      0x22c ./Drivers/STM32F4xx_HAL_Driver/Src/stm32f4xx_hal_rng.o
 .debug_frame   0x00003a34      0x828 ./Drivers/STM32F4xx_HAL_Driver/Src/stm32f4xx_hal_spi.o
 .debug_frame   0x0000425c     0x11c0 ./Drivers/STM32F4xx_HAL_Driver/Src/stm32f4xx_hal_tim.o
 .debug_frame   0x0000541c      0x638 ./Drivers/STM32F4xx_HAL_Driver/Src/stm32f4xx_hal_tim_ex.o
 .debug_frame   0x00005a54       0x20 /Applications/STM32CubeIDE.app/Contents/Eclipse/plugins/com.st.stm32cube.ide.mcu.externaltools.gnu-tools-for-stm32.13.3.rel1.macos64_1.0.0.202411102158/tools/bin/../lib/gcc/arm-none-eabi/13.3.1/../../../../arm-none-eabi/lib/thumb/v7e-m+fp/hard/libc_nano.a(libc_a-memset.o)
 .debug_frame   0x00005a74       0x2c /Applications/STM32CubeIDE.app/Contents/Eclipse/plugins/com.st.stm32cube.ide.mcu.externaltools.gnu-tools-for-stm32.13.3.rel1.macos64_1.0.0.202411102158/tools/bin/../lib/gcc/arm-none-eabi/13.3.1/../../../../arm-none-eabi/lib/thumb/v7e-m+fp/hard/libc_nano.a(libc_a-init.o)
 .debug_frame   0x00005aa0       0x30 /Applications/STM32CubeIDE.app/Contents/Eclipse/plugins/com.st.stm32cube.ide.mcu.externaltools.gnu-tools-for-stm32.13.3.rel1.macos64_1.0.0.202411102158/tools/bin/../lib/gcc/arm-none-eabi/13.3.1/thumb/v7e-m+fp/hard/libgcc.a(_arm_muldf3.o)
 .debug_frame   0x00005ad0       0xac /Applications/STM32CubeIDE.app/Contents/Eclipse/plugins/com.st.stm32cube.ide.mcu.externaltools.gnu-tools-for-stm32.13.3.rel1.macos64_1.0.0.202411102158/tools/bin/../lib/gcc/arm-none-eabi/13.3.1/thumb/v7e-m+fp/hard/libgcc.a(_arm_addsubdf3.o)
 .debug_frame   0x00005b7c       0x24 /Applications/STM32CubeIDE.app/Contents/Eclipse/plugins/com.st.stm32cube.ide.mcu.externaltools.gnu-tools-for-stm32.13.3.rel1.macos64_1.0.0.202411102158/tools/bin/../lib/gcc/arm-none-eabi/13.3.1/thumb/v7e-m+fp/hard/libgcc.a(_arm_fixdfsi.o)
 .debug_frame   0x00005ba0       0x2c /Applications/STM32CubeIDE.app/Contents/Eclipse/plugins/com.st.stm32cube.ide.mcu.externaltools.gnu-tools-for-stm32.13.3.rel1.macos64_1.0.0.202411102158/tools/bin/../lib/gcc/arm-none-eabi/13.3.1/thumb/v7e-m+fp/hard/libgcc.a(_aeabi_uldivmod.o)
 .debug_frame   0x00005bcc       0x34 /Applications/STM32CubeIDE.app/Contents/Eclipse/plugins/com.st.stm32cube.ide.mcu.externaltools.gnu-tools-for-stm32.13.3.rel1.macos64_1.0.0.202411102158/tools/bin/../lib/gcc/arm-none-eabi/13.3.1/thumb/v7e-m+fp/hard/libgcc.a(_udivmoddi4.o)

.debug_line_str
                0x00000000       0x6d
 .debug_line_str
                0x00000000       0x6d ./Core/Startup/startup_stm32f429zitx.o