../Core/Src/Screen2.c:17:6:CheckTie	16	static
../Core/Src/Screen2.c:37:6:DeactivateTurn	8	static
../Core/Src/Screen2.c:42:6:GetTurnActive	4	static
../Core/Src/Screen2.c:45:6:InitilizeBoardGame	16	static
../Core/Src/Screen2.c:62:5:PlayGameAgainstAI	16	static
../Core/Src/Screen2.c:97:6:MakeMoveGyro	24	static
../Core/Src/Screen2.c:153:5:RunScreen2	24	static
../Core/Src/Screen2.c:168:5:PlayGame	16	static
../Core/Src/Screen2.c:200:6:DisplayGrid	8	static
../Core/Src/Screen2.c:223:6:DisplayCurrentBoardGrid	16	static
../Core/Src/Screen2.c:246:6:DisplayPlayerOneCoinTurn	16	static
../Core/Src/Screen2.c:257:6:DisplayPlayerTwoCoinTurn	16	static
../Core/Src/Screen2.c:271:6:DisplayPlayerOneCoinInBoard	24	static
../Core/Src/Screen2.c:281:6:DisplayPlayerTwoCoinInBoard	24	static
../Core/Src/Screen2.c:291:5:CheckWinner	24	static
../Core/Src/Screen2.c:308:5:CheckRowWinner	16	static
../Core/Src/Screen2.c:346:5:CheckColumnWinner	16	static
../Core/Src/Screen2.c:384:5:CheckDiagonalWinner	24	static
../Core/Src/Screen2.c:465:6:MakeMove	24	static
../Core/Src/Screen2.c:535:6:MakeMoveGameAI	24	static
../Core/Src/Screen2.c:564:6:ChangePlayer	4	static
../Core/Src/Screen2.c:575:6:MoveCoinLeftPlayerOne	8	static
../Core/Src/Screen2.c:588:6:MoveCoinRightPlayerOne	8	static
../Core/Src/Screen2.c:601:6:MoveCoinLeftPlayerTwo	8	static
../Core/Src/Screen2.c:614:6:MoveCoinRightPlayerTwo	8	static
../Core/Src/Screen2.c:627:6:RemoveCurrentPlayerTurnCoin	16	static
