../Core/Src/Screen2.c:17:6:DeactivateTurn	8	static
../Core/Src/Screen2.c:22:6:GetTurnActive	4	static
../Core/Src/Screen2.c:25:6:InitilizeBoardGame	16	static
../Core/Src/Screen2.c:42:5:PlayGameAgainstAI	16	static
../Core/Src/Screen2.c:74:6:MakeMoveGyro	24	static
../Core/Src/Screen2.c:130:5:RunScreen2	24	static
../Core/Src/Screen2.c:145:5:PlayGame	16	static
../Core/Src/Screen2.c:174:6:DisplayGrid	8	static
../Core/Src/Screen2.c:197:6:DisplayCurrentBoardGrid	16	static
../Core/Src/Screen2.c:220:6:DisplayPlayerOneCoinTurn	16	static
../Core/Src/Screen2.c:231:6:DisplayPlayerTwoCoinTurn	16	static
../Core/Src/Screen2.c:245:6:DisplayPlayerOneCoinInBoard	24	static
../Core/Src/Screen2.c:255:6:DisplayPlayerTwoCoinInBoard	24	static
../Core/Src/Screen2.c:265:5:CheckWinner	24	static
../Core/Src/Screen2.c:282:5:CheckRowWinner	16	static
../Core/Src/Screen2.c:320:5:CheckColumnWinner	16	static
../Core/Src/Screen2.c:358:5:CheckDiagonalWinner	24	static
../Core/Src/Screen2.c:438:6:MakeMove	24	static
../Core/Src/Screen2.c:507:6:MakeMoveGameAI	24	static
../Core/Src/Screen2.c:535:6:ChangePlayer	4	static
../Core/Src/Screen2.c:546:6:MoveCoinLeftPlayerOne	8	static
../Core/Src/Screen2.c:559:6:MoveCoinRightPlayerOne	8	static
../Core/Src/Screen2.c:572:6:MoveCoinLeftPlayerTwo	8	static
../Core/Src/Screen2.c:585:6:MoveCoinRightPlayerTwo	8	static
../Core/Src/Screen2.c:598:6:RemoveCurrentPlayerTurnCoin	16	static
